Component: ARM Compiler 6.16 Tool: armlink [5dfeaa00]

==============================================================================

Section Cross References

    startup_stm32f407xx.o(RESET) refers to startup_stm32f407xx.o(STACK) for __initial_sp
    startup_stm32f407xx.o(RESET) refers to startup_stm32f407xx.o(.text) for Reset_Handler
    startup_stm32f407xx.o(RESET) refers to stm32f4xx_it.o(.text.NMI_Handler) for NMI_Handler
    startup_stm32f407xx.o(RESET) refers to stm32f4xx_it.o(.text.HardFault_Handler) for HardFault_Handler
    startup_stm32f407xx.o(RESET) refers to stm32f4xx_it.o(.text.MemManage_Handler) for MemManage_Handler
    startup_stm32f407xx.o(RESET) refers to stm32f4xx_it.o(.text.BusFault_Handler) for BusFault_Handler
    startup_stm32f407xx.o(RESET) refers to stm32f4xx_it.o(.text.UsageFault_Handler) for UsageFault_Handler
    startup_stm32f407xx.o(RESET) refers to port.o(.text.SVC_Handler) for SVC_Handler
    startup_stm32f407xx.o(RESET) refers to stm32f4xx_it.o(.text.DebugMon_Handler) for DebugMon_Handler
    startup_stm32f407xx.o(RESET) refers to port.o(.text.PendSV_Handler) for PendSV_Handler
    startup_stm32f407xx.o(RESET) refers to cmsis_os2.o(.text.SysTick_Handler) for SysTick_Handler
    startup_stm32f407xx.o(RESET) refers to stm32f4xx_it.o(.text.EXTI0_IRQHandler) for EXTI0_IRQHandler
    startup_stm32f407xx.o(RESET) refers to stm32f4xx_it.o(.text.EXTI2_IRQHandler) for EXTI2_IRQHandler
    startup_stm32f407xx.o(RESET) refers to stm32f4xx_it.o(.text.EXTI3_IRQHandler) for EXTI3_IRQHandler
    startup_stm32f407xx.o(RESET) refers to stm32f4xx_it.o(.text.TIM4_IRQHandler) for TIM4_IRQHandler
    startup_stm32f407xx.o(RESET) refers to stm32f4xx_it.o(.text.USART1_IRQHandler) for USART1_IRQHandler
    startup_stm32f407xx.o(RESET) refers to stm32f4xx_it.o(.text.DMA2_Stream2_IRQHandler) for DMA2_Stream2_IRQHandler
    startup_stm32f407xx.o(.text) refers to system_stm32f4xx.o(.text.SystemInit) for SystemInit
    startup_stm32f407xx.o(.text) refers to entry.o(.ARM.Collect$$$$00000000) for __main
    main.o(.text.main) refers to stm32f4xx_hal.o(.text.HAL_Init) for HAL_Init
    main.o(.text.main) refers to main.o(.text.SystemClock_Config) for SystemClock_Config
    main.o(.text.main) refers to gpio.o(.text.MX_GPIO_Init) for MX_GPIO_Init
    main.o(.text.main) refers to dma.o(.text.MX_DMA_Init) for MX_DMA_Init
    main.o(.text.main) refers to usart.o(.text.MX_USART1_UART_Init) for MX_USART1_UART_Init
    main.o(.text.main) refers to tim.o(.text.MX_TIM7_Init) for MX_TIM7_Init
    main.o(.text.main) refers to cmsis_os2.o(.text.osKernelInitialize) for osKernelInitialize
    main.o(.text.main) refers to freertos.o(.text.MX_FREERTOS_Init) for MX_FREERTOS_Init
    main.o(.text.main) refers to cmsis_os2.o(.text.osKernelStart) for osKernelStart
    main.o(.ARM.exidx.text.main) refers to main.o(.text.main) for [Anonymous Symbol]
    main.o(.text.SystemClock_Config) refers to stm32f4xx_hal_rcc.o(.text.HAL_RCC_OscConfig) for HAL_RCC_OscConfig
    main.o(.text.SystemClock_Config) refers to stm32f4xx_hal_rcc.o(.text.HAL_RCC_ClockConfig) for HAL_RCC_ClockConfig
    main.o(.ARM.exidx.text.SystemClock_Config) refers to main.o(.text.SystemClock_Config) for [Anonymous Symbol]
    main.o(.ARM.exidx.text.Error_Handler) refers to main.o(.text.Error_Handler) for [Anonymous Symbol]
    main.o(.text.HAL_TIM_PeriodElapsedCallback) refers to stm32f4xx_hal.o(.text.HAL_IncTick) for HAL_IncTick
    main.o(.ARM.exidx.text.HAL_TIM_PeriodElapsedCallback) refers to main.o(.text.HAL_TIM_PeriodElapsedCallback) for [Anonymous Symbol]
    gpio.o(.text.MX_GPIO_Init) refers to stm32f4xx_hal_gpio.o(.text.HAL_GPIO_WritePin) for HAL_GPIO_WritePin
    gpio.o(.text.MX_GPIO_Init) refers to stm32f4xx_hal_gpio.o(.text.HAL_GPIO_Init) for HAL_GPIO_Init
    gpio.o(.text.MX_GPIO_Init) refers to stm32f4xx_hal_cortex.o(.text.HAL_NVIC_SetPriority) for HAL_NVIC_SetPriority
    gpio.o(.text.MX_GPIO_Init) refers to stm32f4xx_hal_cortex.o(.text.HAL_NVIC_EnableIRQ) for HAL_NVIC_EnableIRQ
    gpio.o(.ARM.exidx.text.MX_GPIO_Init) refers to gpio.o(.text.MX_GPIO_Init) for [Anonymous Symbol]
    freertos.o(.text.MX_FREERTOS_Init) refers to freertos.o(.rodata.myBinarySem01_attributes) for myBinarySem01_attributes
    freertos.o(.text.MX_FREERTOS_Init) refers to cmsis_os2.o(.text.osSemaphoreNew) for osSemaphoreNew
    freertos.o(.text.MX_FREERTOS_Init) refers to freertos.o(.bss.myBinarySem01Handle) for myBinarySem01Handle
    freertos.o(.text.MX_FREERTOS_Init) refers to freertos.o(.rodata.myQueue01_attributes) for myQueue01_attributes
    freertos.o(.text.MX_FREERTOS_Init) refers to cmsis_os2.o(.text.osMessageQueueNew) for osMessageQueueNew
    freertos.o(.text.MX_FREERTOS_Init) refers to freertos.o(.bss.myQueue01Handle) for myQueue01Handle
    freertos.o(.text.MX_FREERTOS_Init) refers to freertos.o(.text.StartDefaultTask) for StartDefaultTask
    freertos.o(.text.MX_FREERTOS_Init) refers to freertos.o(.rodata.defaultTask_attributes) for defaultTask_attributes
[...]
    [Anonymous Symbol]                       0x0800143c   Section        0  stm32f4xx_hal_tim.o(.text.HAL_TIM_OC_DelayElapsedCallback)
    [Anonymous Symbol]                       0x08001440   Section        0  stm32f4xx_hal_tim.o(.text.HAL_TIM_PWM_PulseFinishedCallback)
    [Anonymous Symbol]                       0x08001444   Section        0  main.o(.text.HAL_TIM_PeriodElapsedCallback)
    [Anonymous Symbol]                       0x08001458   Section        0  stm32f4xx_hal_tim.o(.text.HAL_TIM_TriggerCallback)
    [Anonymous Symbol]                       0x0800145c   Section        0  stm32f4xx_hal_uart.o(.text.HAL_UARTEx_RxEventCallback)
    [Anonymous Symbol]                       0x08001460   Section        0  stm32f4xx_hal_uart.o(.text.HAL_UART_DMAStop)
    [Anonymous Symbol]                       0x0800167c   Section        0  stm32f4xx_hal_uart.o(.text.HAL_UART_ErrorCallback)
    [Anonymous Symbol]                       0x08001680   Section        0  stm32f4xx_hal_uart.o(.text.HAL_UART_IRQHandler)
    [Anonymous Symbol]                       0x08001bf0   Section        0  stm32f4xx_hal_uart.o(.text.HAL_UART_Init)
    [Anonymous Symbol]                       0x08001c50   Section        0  usart.o(.text.HAL_UART_MspInit)
    [Anonymous Symbol]                       0x08001d08   Section        0  stm32f4xx_hal_uart.o(.text.HAL_UART_Receive_DMA)
    [Anonymous Symbol]                       0x08001e64   Section        0  stm32f4xx_hal_uart.o(.text.HAL_UART_RxCpltCallback)
    [Anonymous Symbol]                       0x08001e68   Section        0  stm32f4xx_hal_uart.o(.text.HAL_UART_RxHalfCpltCallback)
    [Anonymous Symbol]                       0x08001e6c   Section        0  stm32f4xx_hal_uart.o(.text.HAL_UART_Transmit)
    [Anonymous Symbol]                       0x08001f54   Section        0  stm32f4xx_hal_uart.o(.text.HAL_UART_TxCpltCallback)
    [Anonymous Symbol]                       0x08001f58   Section        0  stm32f4xx_it.o(.text.HardFault_Handler)
    [Anonymous Symbol]                       0x08001f5c   Section        0  dma.o(.text.MX_DMA_Init)
    [Anonymous Symbol]                       0x08001f94   Section        0  freertos.o(.text.MX_FREERTOS_Init)
    [Anonymous Symbol]                       0x0800208c   Section        0  gpio.o(.text.MX_GPIO_Init)
    [Anonymous Symbol]                       0x0800217c   Section        0  tim.o(.text.MX_TIM7_Init)
    [Anonymous Symbol]                       0x080021d0   Section        0  usart.o(.text.MX_USART1_UART_Init)
    [Anonymous Symbol]                       0x0800220c   Section        0  stm32f4xx_it.o(.text.MemManage_Handler)
    [Anonymous Symbol]                       0x08002210   Section        0  stm32f4xx_it.o(.text.NMI_Handler)
    [Anonymous Symbol]                       0x08002220   Section        0  port.o(.text.PendSV_Handler)
    pxCurrentTCBConst                        0x08002280   Number         0  port.o(.text.PendSV_Handler)
    [Anonymous Symbol]                       0x08002290   Section        0  port.o(.text.SVC_Handler)
    pxCurrentTCBConst2                       0x080022b0   Number         0  port.o(.text.SVC_Handler)
    [Anonymous Symbol]                       0x080022b4   Section        0  freertos.o(.text.StartDefaultTask)
    [Anonymous Symbol]                       0x080022bc   Section        0  freertos.o(.text.StartTask02)
    [Anonymous Symbol]                       0x080022d8   Section        0  freertos.o(.text.StartTask03)
    [Anonymous Symbol]                       0x080022fc   Section        0  freertos.o(.text.StartTask04)
    [Anonymous Symbol]                       0x08002304   Section        0  freertos.o(.text.StartTask05)
    [Anonymous Symbol]                       0x0800230c   Section        0  freertos.o(.text.StartUart1Task)
    [Anonymous Symbol]                       0x08002370   Section        0  cmsis_os2.o(.text.SysTick_Handler)
    [Anonymous Symbol]                       0x08002390   Section        0  main.o(.text.SystemClock_Config)
    [Anonymous Symbol]                       0x08002438   Section        0  system_stm32f4xx.o(.text.SystemInit)
    [Anonymous Symbol]                       0x0800244c   Section        0  stm32f4xx_it.o(.text.TIM4_IRQHandler)
    [Anonymous Symbol]                       0x08002458   Section        0  stm32f4xx_hal_tim.o(.text.TIM_Base_SetConfig)
    UART_DMAAbortOnError                     0x0800258d   Thumb Code    12  stm32f4xx_hal_uart.o(.text.UART_DMAAbortOnError)
    [Anonymous Symbol]                       0x0800258c   Section        0  stm32f4xx_hal_uart.o(.text.UART_DMAAbortOnError)
    UART_DMAError                            0x08002599   Thumb Code   380  stm32f4xx_hal_uart.o(.text.UART_DMAError)
    [Anonymous Symbol]                       0x08002598   Section        0  stm32f4xx_hal_uart.o(.text.UART_DMAError)
    UART_DMAReceiveCplt                      0x08002715   Thumb Code   350  stm32f4xx_hal_uart.o(.text.UART_DMAReceiveCplt)
    [Anonymous Symbol]                       0x08002714   Section        0  stm32f4xx_hal_uart.o(.text.UART_DMAReceiveCplt)
    UART_DMARxHalfCplt                       0x08002875   Thumb Code    24  stm32f4xx_hal_uart.o(.text.UART_DMARxHalfCplt)
    [Anonymous Symbol]                       0x08002874   Section        0  stm32f4xx_hal_uart.o(.text.UART_DMARxHalfCplt)
    UART_Receive_IT                          0x0800288d   Thumb Code   252  stm32f4xx_hal_uart.o(.text.UART_Receive_IT)
    [Anonymous Symbol]                       0x0800288c   Section        0  stm32f4xx_hal_uart.o(.text.UART_Receive_IT)
    UART_SetConfig                           0x08002989   Thumb Code   220  stm32f4xx_hal_uart.o(.text.UART_SetConfig)
    [Anonymous Symbol]                       0x08002988   Section        0  stm32f4xx_hal_uart.o(.text.UART_SetConfig)
    [Anonymous Symbol]                       0x08002a64   Section        0  stm32f4xx_it.o(.text.USART1_IRQHandler)
    [Anonymous Symbol]                       0x08002ad0   Section        0  stm32f4xx_it.o(.text.UsageFault_Handler)
    [Anonymous Symbol]                       0x08002ad4   Section        0  usart.o(.text.fputc)
    [Anonymous Symbol]                       0x08002af4   Section        0  main.o(.text.main)
    [Anonymous Symbol]                       0x08002b1c   Section        0  cmsis_os2.o(.text.osDelay)
    [Anonymous Symbol]                       0x08002b3c   Section        0  cmsis_os2.o(.text.osKernelInitialize)
    [Anonymous Symbol]                       0x08002b64   Section        0  cmsis_os2.o(.text.osKernelStart)
    [Anonymous Symbol]                       0x08002ba4   Section        0  cmsis_os2.o(.text.osMessageQueueNew)
    [Anonymous Symbol]                       0x08002c34   Section        0  cmsis_os2.o(.text.osSemaphoreNew)
    [Anonymous Symbol]                       0x08002ce0   Section        0  cmsis_os2.o(.text.osThreadNew)
    prvAddCurrentTaskToDelayedList           0x08002d81   Thumb Code   132  tasks.o(.text.prvAddCurrentTaskToDelayedList)
    [Anonymous Symbol]                       0x08002d80   Section        0  tasks.o(.text.prvAddCurrentTaskToDelayedList)
    prvAddNewTaskToReadyList                 0x08002e05   Thumb Code   284  tasks.o(.text.prvAddNewTaskToReadyList)
    [Anonymous Symbol]                       0x08002e04   Section        0  tasks.o(.text.prvAddNewTaskToReadyList)
    prvCheckForValidListAndQueue             0x08002f21   Thumb Code   116  timers.o(.text.prvCheckForValidListAndQueue)
    [Anonymous Symbol]                       0x08002f20   Section        0  timers.o(.text.prvCheckForValidListAndQueue)
    prvIdleTask                              0x08002f9d   Thumb Code   150  tasks.o(.text.prvIdleTask)
    [Anonymous Symbol]                       0x08002f9c   Section        0  tasks.o(.text.prvIdleTask)
    prvInitialiseNewTask                     0x08003035   Thumb Code   292  tasks.o(.text.prvInitialiseNewTask)
    [Anonymous Symbol]                       0x08003034   Section        0  tasks.o(.text.prvInitialiseNewTask)
    prvPortStartFirstTask                    0x08003159   Thumb Code    34  port.o(.text.prvPortStartFirstTask)
    [Anonymous Symbol]                       0x08003158   Section        0  port.o(.text.prvPortStartFirstTask)
    prvSampleTimeNow                         0x08003181   Thumb Code   202  timers.o(.text.prvSampleTimeNow)
    [Anonymous Symbol]                       0x08003180   Section        0  timers.o(.text.prvSampleTimeNow)
    prvTaskExitError                         0x0800324d   Thumb Code    62  port.o(.text.prvTaskExitError)
    [Anonymous Symbol]                       0x0800324c   Section        0  port.o(.text.prvTaskExitError)
    prvTimerTask                             0x0800328d   Thumb Code   610  timers.o(.text.prvTimerTask)
    [Anonymous Symbol]                       0x0800328c   Section        0  timers.o(.text.prvTimerTask)
    prvUnlockQueue                           0x080034f1   Thumb Code   116  queue.o(.text.prvUnlockQueue)
    [Anonymous Symbol]                       0x080034f0   Section        0  queue.o(.text.prvUnlockQueue)
    [Anonymous Symbol]                       0x08003564   Section        0  heap_4.o(.text.pvPortMalloc)
    [Anonymous Symbol]                       0x080037b8   Section        0  tasks.o(.text.pvTaskIncrementMutexHeldCount)
    [Anonymous Symbol]                       0x080037d0   Section        0  port.o(.text.pxPortInitialiseStack)
    [Anonymous Symbol]                       0x080037f8   Section        0  list.o(.text.uxListRemove)
    [Anonymous Symbol]                       0x0800381c   Section        0  cmsis_os2.o(.text.vApplicationGetIdleTaskMemory)
    [Anonymous Symbol]                       0x08003838   Section        0  cmsis_os2.o(.text.vApplicationGetTimerTaskMemory)
    [Anonymous Symbol]                       0x08003854   Section        0  list.o(.text.vListInitialise)
    [Anonymous Symbol]                       0x0800386c   Section        0  list.o(.text.vListInitialiseItem)
    [Anonymous Symbol]                       0x08003874   Section        0  list.o(.text.vListInsert)
    [Anonymous Symbol]                       0x080038d4   Section        0  list.o(.text.vListInsertEnd)
    vPortEnableVFP                           0x080038f1   Thumb Code    14  port.o(.text.vPortEnableVFP)
    [Anonymous Symbol]                       0x080038f0   Section        0  port.o(.text.vPortEnableVFP)
    [Anonymous Symbol]                       0x08003904   Section        0  port.o(.text.vPortEnterCritical)
    [Anonymous Symbol]                       0x0800394c   Section        0  port.o(.text.vPortExitCritical)
    [Anonymous Symbol]                       0x0800397c   Section        0  heap_4.o(.text.vPortFree)
    [Anonymous Symbol]                       0x08003a60   Section        0  port.o(.text.vPortSetupTimerInterrupt)
    [Anonymous Symbol]                       0x08003a94   Section        0  port.o(.text.vPortValidateInterruptPriority)
    [Anonymous Symbol]                       0x08003af8   Section        0  queue.o(.text.vQueueAddToRegistry)
    [Anonymous Symbol]                       0x08003b6c   Section        0  queue.o(.text.vQueueDelete)
    [Anonymous Symbol]                       0x08003c14   Section        0  queue.o(.text.vQueueWaitForMessageRestricted)
    [Anonymous Symbol]                       0x08003c5c   Section        0  tasks.o(.text.vTaskDelay)
    [Anonymous Symbol]                       0x08003d04   Section        0  tasks.o(.text.vTaskInternalSetTimeOutState)
    [Anonymous Symbol]                       0x08003d20   Section        0  tasks.o(.text.vTaskMissedYield)
    [Anonymous Symbol]                       0x08003d30   Section        0  tasks.o(.text.vTaskPlaceOnEventList)
    [Anonymous Symbol]                       0x08003d68   Section        0  tasks.o(.text.vTaskPlaceOnEventListRestricted)
    [Anonymous Symbol]                       0x08003da8   Section        0  tasks.o(.text.vTaskPriorityDisinheritAfterTimeout)
    [Anonymous Symbol]                       0x08003e50   Section        0  tasks.o(.text.vTaskStartScheduler)
    [Anonymous Symbol]                       0x08003f58   Section        0  tasks.o(.text.vTaskSuspendAll)
    [Anonymous Symbol]                       0x08003f68   Section        0  tasks.o(.text.vTaskSwitchContext)
    [Anonymous Symbol]                       0x0800402c   Section        0  port.o(.text.xPortStartScheduler)
    [Anonymous Symbol]                       0x080041ac   Section        0  port.o(.text.xPortSysTickHandler)
    [Anonymous Symbol]                       0x080041dc   Section        0  queue.o(.text.xQueueCreateCountingSemaphore)
    [Anonymous Symbol]                       0x08004220   Section        0  queue.o(.text.xQueueCreateCountingSemaphoreStatic)
    [Anonymous Symbol]                       0x08004270   Section        0  queue.o(.text.xQueueGenericCreate)
    [Anonymous Symbol]                       0x080042f8   Section        0  queue.o(.text.xQueueGenericCreateStatic)
    [Anonymous Symbol]                       0x080043d4   Section        0  queue.o(.text.xQueueGenericSend)
    [Anonymous Symbol]                       0x080045e0   Section        0  queue.o(.text.xQueueGiveFromISR)
    [Anonymous Symbol]                       0x080046a0   Section        0  queue.o(.text.xQueueReceive)
    [Anonymous Symbol]                       0x08004824   Section        0  queue.o(.text.xQueueSemaphoreTake)
    [Anonymous Symbol]                       0x080049e0   Section        0  tasks.o(.text.xTaskCheckForTimeOut)
    [Anonymous Symbol]                       0x08004a70   Section        0  tasks.o(.text.xTaskCreate)
    [Anonymous Symbol]                       0x08004ad0   Section        0  tasks.o(.text.xTaskCreateStatic)
    [Anonymous Symbol]                       0x08004b48   Section        0  tasks.o(.text.xTaskGetSchedulerState)
    [Anonymous Symbol]                       0x08004b70   Section        0  tasks.o(.text.xTaskGetTickCount)
    [Anonymous Symbol]                       0x08004b7c   Section        0  tasks.o(.text.xTaskIncrementTick)
    [Anonymous Symbol]                       0x08004cec   Section        0  tasks.o(.text.xTaskPriorityDisinherit)
    [Anonymous Symbol]                       0x08004d80   Section        0  tasks.o(.text.xTaskPriorityInherit)
    [Anonymous Symbol]                       0x08004e14   Section        0  tasks.o(.text.xTaskRemoveFromEventList)
    [Anonymous Symbol]                       0x08004ea4   Section        0  tasks.o(.text.xTaskResumeAll)
    [Anonymous Symbol]                       0x08004fdc   Section        0  timers.o(.text.xTimerCreateTimerTask)
    i.__scatterload_copy                     0x08005050   Section       14  handlers.o(i.__scatterload_copy)
    i.__scatterload_null                     0x0800505e   Section        2  handlers.o(i.__scatterload_null)
    i.__scatterload_zeroinit                 0x08005060   Section       14  handlers.o(i.__scatterload_zeroinit)
    i.puts                                   0x08005070   Section        0  puts.o(i.puts)
    DMA_CalcBaseAndBitshift.flagBitshiftOffset 0x080050ac   Data           8  stm32f4xx_hal_dma.o(.rodata.cst8)
    [Anonymous Symbol]                       0x080050ac   Section        0  stm32f4xx_hal_dma.o(.rodata.cst8)
    [Anonymous Symbol]                       0x080051b4   Section        0  freertos.o(.rodata.str1.1)
    .data                                    0x20000000   Section        4  stdout.o(.data)
    uxCriticalNesting                        0x20000010   Data           4  port.o(.data.uxCriticalNesting)
    [Anonymous Symbol]                       0x20000010   Section        0  port.o(.data.uxCriticalNesting)
    KernelState                              0x20000018   Data           4  cmsis_os2.o(.bss.KernelState)
    [Anonymous Symbol]                       0x20000018   Section        0  cmsis_os2.o(.bss.KernelState)
    prvCheckForValidListAndQueue.ucStaticTimerQueueStorage 0x200001d8   Data         160  timers.o(.bss.prvCheckForValidListAndQueue.ucStaticTimerQueueStorage)
    [Anonymous Symbol]                       0x200001d8   Section        0  timers.o(.bss.prvCheckForValidListAndQueue.ucStaticTimerQueueStorage)
    prvCheckForValidListAndQueue.xStaticTimerQueue 0x20000278   Data          80  timers.o(.bss.prvCheckForValidListAndQueue.xStaticTimerQueue)
    [Anonymous Symbol]                       0x20000278   Section        0  timers.o(.bss.prvCheckForValidListAndQueue.xStaticTimerQueue)
    prvSampleTimeNow.xLastTime               0x200002c8   Data           4  timers.o(.bss.prvSampleTimeNow.xLastTime)
    [Anonymous Symbol]                       0x200002c8   Section        0  timers.o(.bss.prvSampleTimeNow.xLastTime)
    pxCurrentTimerList                       0x200002d0   Data           4  timers.o(.bss.pxCurrentTimerList)
    [Anonymous Symbol]                       0x200002d0   Section        0  timers.o(.bss.pxCurrentTimerList)
    pxDelayedTaskList                        0x200002d4   Data           4  tasks.o(.bss.pxDelayedTaskList)
    [Anonymous Symbol]                       0x200002d4   Section        0  tasks.o(.bss.pxDelayedTaskList)
    pxEnd                                    0x200002d8   Data           4  heap_4.o(.bss.pxEnd)
    [Anonymous Symbol]                       0x200002d8   Section        0  heap_4.o(.bss.pxEnd)
    pxOverflowDelayedTaskList                0x200002dc   Data           4  tasks.o(.bss.pxOverflowDelayedTaskList)
    [Anonymous Symbol]                       0x200002dc   Section        0  tasks.o(.bss.pxOverflowDelayedTaskList)
    pxOverflowTimerList                      0x200002e0   Data           4  timers.o(.bss.pxOverflowTimerList)
    [Anonymous Symbol]                       0x200002e0   Section        0  timers.o(.bss.pxOverflowTimerList)
    pxReadyTasksLists                        0x200002e4   Data        1120  tasks.o(.bss.pxReadyTasksLists)
    [Anonymous Symbol]                       0x200002e4   Section        0  tasks.o(.bss.pxReadyTasksLists)
    ucHeap                                   0x20000745   Data       15360  heap_4.o(.bss.ucHeap)
    [Anonymous Symbol]                       0x20000745   Section        0  heap_4.o(.bss.ucHeap)
    ucMaxSysCallPriority                     0x20004345   Data           1  port.o(.bss.ucMaxSysCallPriority)
    [Anonymous Symbol]                       0x20004345   Section        0  port.o(.bss.ucMaxSysCallPriority)
    ulMaxPRIGROUPValue                       0x20004348   Data           4  port.o(.bss.ulMaxPRIGROUPValue)
    [Anonymous Symbol]                       0x20004348   Section        0  port.o(.bss.ulMaxPRIGROUPValue)
    uxCurrentNumberOfTasks                   0x20004350   Data           4  tasks.o(.bss.uxCurrentNumberOfTasks)
    [Anonymous Symbol]                       0x20004350   Section        0  tasks.o(.bss.uxCurrentNumberOfTasks)
    uxDeletedTasksWaitingCleanUp             0x20004354   Data           4  tasks.o(.bss.uxDeletedTasksWaitingCleanUp)
    [Anonymous Symbol]                       0x20004354   Section        0  tasks.o(.bss.uxDeletedTasksWaitingCleanUp)
    uxSchedulerSuspended                     0x20004358   Data           4  tasks.o(.bss.uxSchedulerSuspended)
    [Anonymous Symbol]                       0x20004358   Section        0  tasks.o(.bss.uxSchedulerSuspended)
    uxTaskNumber                             0x2000435c   Data           4  tasks.o(.bss.uxTaskNumber)
    [Anonymous Symbol]                       0x2000435c   Section        0  tasks.o(.bss.uxTaskNumber)
    uxTopReadyPriority                       0x20004360   Data           4  tasks.o(.bss.uxTopReadyPriority)
    [Anonymous Symbol]                       0x20004360   Section        0  tasks.o(.bss.uxTopReadyPriority)
    vApplicationGetIdleTaskMemory.Idle_Stack 0x20004364   Data         512  cmsis_os2.o(.bss.vApplicationGetIdleTaskMemory.Idle_Stack)
    [Anonymous Symbol]                       0x20004364   Section        0  cmsis_os2.o(.bss.vApplicationGetIdleTaskMemory.Idle_Stack)
    vApplicationGetIdleTaskMemory.Idle_TCB   0x20004564   Data          92  cmsis_os2.o(.bss.vApplicationGetIdleTaskMemory.Idle_TCB)
    [Anonymous Symbol]                       0x20004564   Section        0  cmsis_os2.o(.bss.vApplicationGetIdleTaskMemory.Idle_TCB)
    vApplicationGetTimerTaskMemory.Timer_Stack 0x200045c0   Data        1024  cmsis_os2.o(.bss.vApplicationGetTimerTaskMemory.Timer_Stack)
    [Anonymous Symbol]                       0x200045c0   Section        0  cmsis_os2.o(.bss.vApplicationGetTimerTaskMemory.Timer_Stack)
    vApplicationGetTimerTaskMemory.Timer_TCB 0x200049c0   Data          92  cmsis_os2.o(.bss.vApplicationGetTimerTaskMemory.Timer_TCB)
    [Anonymous Symbol]                       0x200049c0   Section        0  cmsis_os2.o(.bss.vApplicationGetTimerTaskMemory.Timer_TCB)
    xActiveTimerList1                        0x20004a1c   Data          20  timers.o(.bss.xActiveTimerList1)
    [Anonymous Symbol]                       0x20004a1c   Section        0  timers.o(.bss.xActiveTimerList1)
    xActiveTimerList2                        0x20004a30   Data          20  timers.o(.bss.xActiveTimerList2)
    [Anonymous Symbol]                       0x20004a30   Section        0  timers.o(.bss.xActiveTimerList2)
    xBlockAllocatedBit                       0x20004a44   Data           1  heap_4.o(.bss.xBlockAllocatedBit)
    [Anonymous Symbol]                       0x20004a44   Section        0  heap_4.o(.bss.xBlockAllocatedBit)
    xDelayedTaskList1                        0x20004a48   Data          20  tasks.o(.bss.xDelayedTaskList1)
    [Anonymous Symbol]                       0x20004a48   Section        0  tasks.o(.bss.xDelayedTaskList1)
    xDelayedTaskList2                        0x20004a5c   Data          20  tasks.o(.bss.xDelayedTaskList2)
    [Anonymous Symbol]                       0x20004a5c   Section        0  tasks.o(.bss.xDelayedTaskList2)
    xFreeBytesRemaining                      0x20004a70   Data           4  heap_4.o(.bss.xFreeBytesRemaining)
    [Anonymous Symbol]                       0x20004a70   Section        0  heap_4.o(.bss.xFreeBytesRemaining)
    xIdleTaskHandle                          0x20004a74   Data           4  tasks.o(.bss.xIdleTaskHandle)
    [Anonymous Symbol]                       0x20004a74   Section        0  tasks.o(.bss.xIdleTaskHandle)
    xMinimumEverFreeBytesRemaining           0x20004a78   Data           4  heap_4.o(.bss.xMinimumEverFreeBytesRemaining)
    [Anonymous Symbol]                       0x20004a78   Section        0  heap_4.o(.bss.xMinimumEverFreeBytesRemaining)
    xNextTaskUnblockTime                     0x20004a7c   Data           4  tasks.o(.bss.xNextTaskUnblockTime)
    [Anonymous Symbol]                       0x20004a7c   Section        0  tasks.o(.bss.xNextTaskUnblockTime)
    xNumOfOverflows                          0x20004a80   Data           4  tasks.o(.bss.xNumOfOverflows)
    [Anonymous Symbol]                       0x20004a80   Section        0  tasks.o(.bss.xNumOfOverflows)
    xNumberOfSuccessfulAllocations           0x20004a84   Data           4  heap_4.o(.bss.xNumberOfSuccessfulAllocations)
    [Anonymous Symbol]                       0x20004a84   Section        0  heap_4.o(.bss.xNumberOfSuccessfulAllocations)
    xNumberOfSuccessfulFrees                 0x20004a88   Data           4  heap_4.o(.bss.xNumberOfSuccessfulFrees)
    [Anonymous Symbol]                       0x20004a88   Section        0  heap_4.o(.bss.xNumberOfSuccessfulFrees)
    xPendedTicks                             0x20004a8c   Data           4  tasks.o(.bss.xPendedTicks)
    [Anonymous Symbol]                       0x20004a8c   Section        0  tasks.o(.bss.xPendedTicks)
    xPendingReadyList                        0x20004a90   Data          20  tasks.o(.bss.xPendingReadyList)
    [Anonymous Symbol]                       0x20004a90   Section        0  tasks.o(.bss.xPendingReadyList)
    xSchedulerRunning                        0x20004ae4   Data           4  tasks.o(.bss.xSchedulerRunning)
    [Anonymous Symbol]                       0x20004ae4   Section        0  tasks.o(.bss.xSchedulerRunning)
    xStart                                   0x20004ae8   Data           8  heap_4.o(.bss.xStart)
    [Anonymous Symbol]                       0x20004ae8   Section        0  heap_4.o(.bss.xStart)
    xSuspendedTaskList                       0x20004af0   Data          20  tasks.o(.bss.xSuspendedTaskList)
    [Anonymous Symbol]                       0x20004af0   Section        0  tasks.o(.bss.xSuspendedTaskList)
    xTasksWaitingTermination                 0x20004b04   Data          20  tasks.o(.bss.xTasksWaitingTermination)
    [Anonymous Symbol]                       0x20004b04   Section        0  tasks.o(.bss.xTasksWaitingTermination)
    xTickCount                               0x20004b18   Data           4  tasks.o(.bss.xTickCount)
    [Anonymous Symbol]                       0x20004b18   Section        0  tasks.o(.bss.xTickCount)
    xTimerQueue                              0x20004b1c   Data           4  timers.o(.bss.xTimerQueue)
    [Anonymous Symbol]                       0x20004b1c   Section        0  timers.o(.bss.xTimerQueue)
    xTimerTaskHandle                         0x20004b20   Data           4  timers.o(.bss.xTimerTaskHandle)
    [Anonymous Symbol]                       0x20004b20   Section        0  timers.o(.bss.xTimerTaskHandle)
    xYieldPending                            0x20004b24   Data           4  tasks.o(.bss.xYieldPending)
    [Anonymous Symbol]                       0x20004b24   Section        0  tasks.o(.bss.xYieldPending)
    STACK                                    0x20004b28   Section     1024  startup_stm32f407xx.o(STACK)

    Global Symbols

    Symbol Name                              Value     Ov Type        Size  Object(Section)

    BuildAttributes$$THM_ISAv4$E$P$D$K$B$S$7EM$VFPi3$EXTD16$VFPS$VFMA$PE$A:L22UL41UL21$X:L11$S22US41US21$IEEE1$IW$~IW$USESV6$~STKCKD$USESV7$~SHL$OTIME$EBA8$MICROLIB$REQ8$PRES8$EABIv2 0x00000000   Number         0  anon$$obj.o ABSOLUTE
    __cpp_initialize__aeabi_                  - Undefined Weak Reference
    __cxa_finalize                            - Undefined Weak Reference
    __decompress                              - Undefined Weak Reference
    _clock_init                               - Undefined Weak Reference
    _microlib_exit                            - Undefined Weak Reference
    __Vectors_Size                           0x00000188   Number         0  startup_stm32f407xx.o ABSOLUTE
    __Vectors                                0x08000000   Data           4  startup_stm32f407xx.o(RESET)
    __Vectors_End                            0x08000188   Data           0  startup_stm32f407xx.o(RESET)
    __main                                   0x08000189   Thumb Code     0  entry.o(.ARM.Collect$$$$00000000)
    _main_stk                                0x08000189   Thumb Code     0  entry2.o(.ARM.Collect$$$$00000001)
    _main_scatterload                        0x0800018d   Thumb Code     0  entry5.o(.ARM.Collect$$$$00000004)
    __main_after_scatterload                 0x08000191   Thumb Code     0  entry5.o(.ARM.Collect$$$$00000004)
    _main_clock                              0x08000191   Thumb Code     0  entry7b.o(.ARM.Collect$$$$00000008)
    _main_cpp_init                           0x08000191   Thumb Code     0  entry8b.o(.ARM.Collect$$$$0000000A)
    _main_init                               0x08000191   Thumb Code     0  entry9a.o(.ARM.Collect$$$$0000000B)
    __rt_final_cpp                           0x08000199   Thumb Code     0  entry10a.o(.ARM.Collect$$$$0000000D)
    __rt_final_exit                          0x08000199   Thumb Code     0  entry11a.o(.ARM.Collect$$$$0000000F)
    Reset_Handler                            0x0800019d   Thumb Code     8  startup_stm32f407xx.o(.text)
    ADC_IRQHandler                           0x080001b7   Thumb Code     0  startup_stm32f407xx.o(.text)
    CAN1_RX0_IRQHandler                      0x080001b7   Thumb Code     0  startup_stm32f407xx.o(.text)
    CAN1_RX1_IRQHandler                      0x080001b7   Thumb Code     0  startup_stm32f407xx.o(.text)
    CAN1_SCE_IRQHandler                      0x080001b7   Thumb Code     0  startup_stm32f407xx.o(.text)
    CAN1_TX_IRQHandler                       0x080001b7   Thumb Code     0  startup_stm32f407xx.o(.text)
    CAN2_RX0_IRQHandler                      0x080001b7   Thumb Code     0  startup_stm32f407xx.o(.text)
    CAN2_RX1_IRQHandler                      0x080001b7   Thumb Code     0  startup_stm32f407xx.o(.text)
    CAN2_SCE_IRQHandler                      0x080001b7   Thumb Code     0  startup_stm32f407xx.o(.text)
    CAN2_TX_IRQHandler                       0x080001b7   Thumb Code     0  startup_stm32f407xx.o(.text)
    DCMI_IRQHandler                          0x080001b7   Thumb Code     0  startup_stm32f407xx.o(.text)
    DMA1_Stream0_IRQHandler                  0x080001b7   Thumb Code     0  startup_stm32f407xx.o(.text)
    DMA1_Stream1_IRQHandler                  0x080001b7   Thumb Code     0  startup_stm32f407xx.o(.text)
    DMA1_Stream2_IRQHandler                  0x080001b7   Thumb Code     0  startup_stm32f407xx.o(.text)
    DMA1_Stream3_IRQHandler                  0x080001b7   Thumb Code     0  startup_stm32f407xx.o(.text)
    DMA1_Stream4_IRQHandler                  0x080001b7   Thumb Code     0  startup_stm32f407xx.o(.text)
    DMA1_Stream5_IRQHandler                  0x080001b7   Thumb Code     0  startup_stm32f407xx.o(.text)
    DMA1_Stream6_IRQHandler                  0x080001b7   Thumb Code     0  startup_stm32f407xx.o(.text)
    DMA1_Stream7_IRQHandler                  0x080001b7   Thumb Code     0  startup_stm32f407xx.o(.text)
    DMA2_Stream0_IRQHandler                  0x080001b7   Thumb Code     0  startup_stm32f407xx.o(.text)
    DMA2_Stream1_IRQHandler                  0x080001b7   Thumb Code     0  startup_stm32f407xx.o(.text)
    DMA2_Stream3_IRQHandler                  0x080001b7   Thumb Code     0  startup_stm32f407xx.o(.text)
    DMA2_Stream4_IRQHandler                  0x080001b7   Thumb Code     0  startup_stm32f407xx.o(.text)
    DMA2_Stream5_IRQHandler                  0x080001b7   Thumb Code     0  startup_stm32f407xx.o(.text)
    DMA2_Stream6_IRQHandler                  0x080001b7   Thumb Code     0  startup_stm32f407xx.o(.text)
    DMA2_Stream7_IRQHandler                  0x080001b7   Thumb Code     0  startup_stm32f407xx.o(.text)
    ETH_IRQHandler                           0x080001b7   Thumb Code     0  startup_stm32f407xx.o(.text)
    ETH_WKUP_IRQHandler                      0x080001b7   Thumb Code     0  startup_stm32f407xx.o(.text)
    EXTI15_10_IRQHandler                     0x080001b7   Thumb Code     0  startup_stm32f407xx.o(.text)
    EXTI1_IRQHandler                         0x080001b7   Thumb Code     0  startup_stm32f407xx.o(.text)
    EXTI4_IRQHandler                         0x080001b7   Thumb Code     0  startup_stm32f407xx.o(.text)
    EXTI9_5_IRQHandler                       0x080001b7   Thumb Code     0  startup_stm32f407xx.o(.text)
    FLASH_IRQHandler                         0x080001b7   Thumb Code     0  startup_stm32f407xx.o(.text)
    FMC_IRQHandler                           0x080001b7   Thumb Code     0  startup_stm32f407xx.o(.text)
    FPU_IRQHandler                           0x080001b7   Thumb Code     0  startup_stm32f407xx.o(.text)
    HASH_RNG_IRQHandler                      0x080001b7   Thumb Code     0  startup_stm32f407xx.o(.text)
    I2C1_ER_IRQHandler                       0x080001b7   Thumb Code     0  startup_stm32f407xx.o(.text)
    I2C1_EV_IRQHandler                       0x080001b7   Thumb Code     0  startup_stm32f407xx.o(.text)
    I2C2_ER_IRQHandler                       0x080001b7   Thumb Code     0  startup_stm32f407xx.o(.text)
    I2C2_EV_IRQHandler                       0x080001b7   Thumb Code     0  startup_stm32f407xx.o(.text)
    I2C3_ER_IRQHandler                       0x080001b7   Thumb Code     0  startup_stm32f407xx.o(.text)
    I2C3_EV_IRQHandler                       0x080001b7   Thumb Code     0  startup_stm32f407xx.o(.text)
    OTG_FS_IRQHandler                        0x080001b7   Thumb Code     0  startup_stm32f407xx.o(.text)
    OTG_FS_WKUP_IRQHandler                   0x080001b7   Thumb Code     0  startup_stm32f407xx.o(.text)
    OTG_HS_EP1_IN_IRQHandler                 0x080001b7   Thumb Code     0  startup_stm32f407xx.o(.text)
    OTG_HS_EP1_OUT_IRQHandler                0x080001b7   Thumb Code     0  startup_stm32f407xx.o(.text)
    OTG_HS_IRQHandler                        0x080001b7   Thumb Code     0  startup_stm32f407xx.o(.text)
    OTG_HS_WKUP_IRQHandler                   0x080001b7   Thumb Code     0  startup_stm32f407xx.o(.text)
    PVD_IRQHandler                           0x080001b7   Thumb Code     0  startup_stm32f407xx.o(.text)
    RCC_IRQHandler                           0x080001b7   Thumb Code     0  startup_stm32f407xx.o(.text)
    RTC_Alarm_IRQHandler                     0x080001b7   Thumb Code     0  startup_stm32f407xx.o(.text)
    RTC_WKUP_IRQHandler                      0x080001b7   Thumb Code     0  startup_stm32f407xx.o(.text)
    SDIO_IRQHandler                          0x080001b7   Thumb Code     0  startup_stm32f407xx.o(.text)
    SPI1_IRQHandler                          0x080001b7   Thumb Code     0  startup_stm32f407xx.o(.text)
    SPI2_IRQHandler                          0x080001b7   Thumb Code     0  startup_stm32f407xx.o(.text)
    SPI3_IRQHandler                          0x080001b7   Thumb Code     0  startup_stm32f407xx.o(.text)
    TAMP_STAMP_IRQHandler                    0x080001b7   Thumb Code     0  startup_stm32f407xx.o(.text)
    TIM1_BRK_TIM9_IRQHandler                 0x080001b7   Thumb Code     0  startup_stm32f407xx.o(.text)
    TIM1_CC_IRQHandler                       0x080001b7   Thumb Code     0  startup_stm32f407xx.o(.text)
    TIM1_TRG_COM_TIM11_IRQHandler            0x080001b7   Thumb Code     0  startup_stm32f407xx.o(.text)
    TIM1_UP_TIM10_IRQHandler                 0x080001b7   Thumb Code     0  startup_stm32f407xx.o(.text)
    TIM2_IRQHandler                          0x080001b7   Thumb Code     0  startup_stm32f407xx.o(.text)
    TIM3_IRQHandler                          0x080001b7   Thumb Code     0  startup_stm32f407xx.o(.text)
    TIM5_IRQHandler                          0x080001b7   Thumb Code     0  startup_stm32f407xx.o(.text)
    TIM6_DAC_IRQHandler                      0x080001b7   Thumb Code     0  startup_stm32f407xx.o(.text)
    TIM7_IRQHandler                          0x080001b7   Thumb Code     0  startup_stm32f407xx.o(.text)
    TIM8_BRK_TIM12_IRQHandler                0x080001b7   Thumb Code     0  startup_stm32f407xx.o(.text)
    TIM8_CC_IRQHandler                       0x080001b7   Thumb Code     0  startup_stm32f407xx.o(.text)
    TIM8_TRG_COM_TIM14_IRQHandler            0x080001b7   Thumb Code     0  startup_stm32f407xx.o(.text)
    TIM8_UP_TIM13_IRQHandler                 0x080001b7   Thumb Code     0  startup_stm32f407xx.o(.text)
    UART4_IRQHandler                         0x080001b7   Thumb Code     0  startup_stm32f407xx.o(.text)
    UART5_IRQHandler                         0x080001b7   Thumb Code     0  startup_stm32f407xx.o(.text)
    USART2_IRQHandler                        0x080001b7   Thumb Code     0  startup_stm32f407xx.o(.text)
    USART3_IRQHandler                        0x080001b7   Thumb Code     0  startup_stm32f407xx.o(.text)
    USART6_IRQHandler                        0x080001b7   Thumb Code     0  startup_stm32f407xx.o(.text)
    WWDG_IRQHandler                          0x080001b7   Thumb Code     0  startup_stm32f407xx.o(.text)
    __aeabi_uldivmod                         0x080001c1   Thumb Code    98  uldiv.o(.text)
    __aeabi_memcpy                           0x08000223   Thumb Code    36  memcpya.o(.text)
    __aeabi_memcpy4                          0x08000223   Thumb Code     0  memcpya.o(.text)
    __aeabi_memcpy8                          0x08000223   Thumb Code     0  memcpya.o(.text)
    __aeabi_memset                           0x08000247   Thumb Code    14  memseta.o(.text)
    __aeabi_memset4                          0x08000247   Thumb Code     0  memseta.o(.text)
    __aeabi_memset8                          0x08000247   Thumb Code     0  memseta.o(.text)
    __aeabi_memclr                           0x08000255   Thumb Code     4  memseta.o(.text)
    __aeabi_memclr4                          0x08000255   Thumb Code     0  memseta.o(.text)
    __aeabi_memclr8                          0x08000255   Thumb Code     0  memseta.o(.text)
    _memset$wrapper                          0x08000259   Thumb Code    18  memseta.o(.text)
    __aeabi_llsl                             0x0800026b   Thumb Code    30  llshl.o(.text)
    _ll_shift_l                              0x0800026b   Thumb Code     0  llshl.o(.text)
    __aeabi_llsr                             0x08000289   Thumb Code    32  llushr.o(.text)
    _ll_ushift_r                             0x08000289   Thumb Code     0  llushr.o(.text)
    __scatterload                            0x080002a9   Thumb Code    28  init.o(.text)
    __scatterload_rt2                        0x080002a9   Thumb Code     0  init.o(.text)
    BusFault_Handler                         0x080002cd   Thumb Code     2  stm32f4xx_it.o(.text.BusFault_Handler)
    DMA2_Stream2_IRQHandler                  0x080002d1   Thumb Code    12  stm32f4xx_it.o(.text.DMA2_Stream2_IRQHandler)
    DebugMon_Handler                         0x080002dd   Thumb Code     2  stm32f4xx_it.o(.text.DebugMon_Handler)
    EXTI0_IRQHandler                         0x080002e1   Thumb Code     6  stm32f4xx_it.o(.text.EXTI0_IRQHandler)
    EXTI2_IRQHandler                         0x080002e9   Thumb Code     6  stm32f4xx_it.o(.text.EXTI2_IRQHandler)
    EXTI3_IRQHandler                         0x080002f1   Thumb Code     6  stm32f4xx_it.o(.text.EXTI3_IRQHandler)
    Error_Handler                            0x080002f9   Thumb Code     6  main.o(.text.Error_Handler)
    HAL_DMA_Abort                            0x08000301   Thumb Code   130  stm32f4xx_hal_dma.o(.text.HAL_DMA_Abort)
    HAL_DMA_Abort_IT                         0x08000385   Thumb Code    36  stm32f4xx_hal_dma.o(.text.HAL_DMA_Abort_IT)
    HAL_DMA_IRQHandler                       0x080003a9   Thumb Code   442  stm32f4xx_hal_dma.o(.text.HAL_DMA_IRQHandler)
    HAL_DMA_Init                             0x08000565   Thumb Code   328  stm32f4xx_hal_dma.o(.text.HAL_DMA_Init)
    HAL_DMA_Start_IT                         0x080006ad   Thumb Code   156  stm32f4xx_hal_dma.o(.text.HAL_DMA_Start_IT)
    HAL_GPIO_EXTI_Callback                   0x08000749   Thumb Code    34  stm32f4xx_it.o(.text.HAL_GPIO_EXTI_Callback)
    HAL_GPIO_EXTI_IRQHandler                 0x0800076d   Thumb Code    22  stm32f4xx_hal_gpio.o(.text.HAL_GPIO_EXTI_IRQHandler)
    HAL_GPIO_Init                            0x08000785   Thumb Code   442  stm32f4xx_hal_gpio.o(.text.HAL_GPIO_Init)
    HAL_GPIO_TogglePin                       0x08000941   Thumb Code    16  stm32f4xx_hal_gpio.o(.text.HAL_GPIO_TogglePin)
    HAL_GPIO_WritePin                        0x08000951   Thumb Code    10  stm32f4xx_hal_gpio.o(.text.HAL_GPIO_WritePin)
    HAL_GetTick                              0x0800095d   Thumb Code    12  stm32f4xx_hal.o(.text.HAL_GetTick)
    HAL_IncTick                              0x08000969   Thumb Code    26  stm32f4xx_hal.o(.text.HAL_IncTick)
    HAL_Init                                 0x08000985   Thumb Code    54  stm32f4xx_hal.o(.text.HAL_Init)
    HAL_InitTick                             0x080009bd   Thumb Code   176  stm32f4xx_hal_timebase_tim.o(.text.HAL_InitTick)
    HAL_MspInit                              0x08000a6d   Thumb Code    66  stm32f4xx_hal_msp.o(.text.HAL_MspInit)
    HAL_NVIC_EnableIRQ                       0x08000ab1   Thumb Code    32  stm32f4xx_hal_cortex.o(.text.HAL_NVIC_EnableIRQ)
    HAL_NVIC_SetPriority                     0x08000ad1   Thumb Code    86  stm32f4xx_hal_cortex.o(.text.HAL_NVIC_SetPriority)
    HAL_NVIC_SetPriorityGrouping             0x08000b29   Thumb Code    32  stm32f4xx_hal_cortex.o(.text.HAL_NVIC_SetPriorityGrouping)
    HAL_RCC_ClockConfig                      0x08000b49   Thumb Code   352  stm32f4xx_hal_rcc.o(.text.HAL_RCC_ClockConfig)
    HAL_RCC_GetClockConfig                   0x08000ca9   Thumb Code    62  stm32f4xx_hal_rcc.o(.text.HAL_RCC_GetClockConfig)
    HAL_RCC_GetPCLK1Freq                     0x08000ce9   Thumb Code    38  stm32f4xx_hal_rcc.o(.text.HAL_RCC_GetPCLK1Freq)
    HAL_RCC_GetPCLK2Freq                     0x08000d11   Thumb Code    38  stm32f4xx_hal_rcc.o(.text.HAL_RCC_GetPCLK2Freq)
    HAL_RCC_GetSysClockFreq                  0x08000d39   Thumb Code   106  stm32f4xx_hal_rcc.o(.text.HAL_RCC_GetSysClockFreq)
    HAL_RCC_OscConfig                        0x08000da5   Thumb Code   868  stm32f4xx_hal_rcc.o(.text.HAL_RCC_OscConfig)
    HAL_TIMEx_BreakCallback                  0x08001109   Thumb Code     2  stm32f4xx_hal_tim_ex.o(.text.HAL_TIMEx_BreakCallback)
    HAL_TIMEx_CommutCallback                 0x0800110d   Thumb Code     2  stm32f4xx_hal_tim_ex.o(.text.HAL_TIMEx_CommutCallback)
    HAL_TIMEx_MasterConfigSynchronization    0x08001111   Thumb Code   178  stm32f4xx_hal_tim_ex.o(.text.HAL_TIMEx_MasterConfigSynchronization)
    HAL_TIM_Base_Init                        0x080011c5   Thumb Code    90  stm32f4xx_hal_tim.o(.text.HAL_TIM_Base_Init)
    HAL_TIM_Base_MspInit                     0x08001221   Thumb Code    54  tim.o(.text.HAL_TIM_Base_MspInit)
    HAL_TIM_Base_Start_IT                    0x08001259   Thumb Code   168  stm32f4xx_hal_tim.o(.text.HAL_TIM_Base_Start_IT)
    HAL_TIM_IC_CaptureCallback               0x08001301   Thumb Code     2  stm32f4xx_hal_tim.o(.text.HAL_TIM_IC_CaptureCallback)
    HAL_TIM_IRQHandler                       0x08001305   Thumb Code   310  stm32f4xx_hal_tim.o(.text.HAL_TIM_IRQHandler)
    HAL_TIM_OC_DelayElapsedCallback          0x0800143d   Thumb Code     2  stm32f4xx_hal_tim.o(.text.HAL_TIM_OC_DelayElapsedCallback)
    HAL_TIM_PWM_PulseFinishedCallback        0x08001441   Thumb Code     2  stm32f4xx_hal_tim.o(.text.HAL_TIM_PWM_PulseFinishedCallback)
    HAL_TIM_PeriodElapsedCallback            0x08001445   Thumb Code    20  main.o(.text.HAL_TIM_PeriodElapsedCallback)
    HAL_TIM_TriggerCallback                  0x08001459   Thumb Code     2  stm32f4xx_hal_tim.o(.text.HAL_TIM_TriggerCallback)
    HAL_UARTEx_RxEventCallback               0x0800145d   Thumb Code     2  stm32f4xx_hal_uart.o(.text.HAL_UARTEx_RxEventCallback)
    HAL_UART_DMAStop                         0x08001461   Thumb Code   540  stm32f4xx_hal_uart.o(.text.HAL_UART_DMAStop)
    HAL_UART_ErrorCallback                   0x0800167d   Thumb Code     2  stm32f4xx_hal_uart.o(.text.HAL_UART_ErrorCallback)
    HAL_UART_IRQHandler                      0x08001681   Thumb Code  1390  stm32f4xx_hal_uart.o(.text.HAL_UART_IRQHandler)
    HAL_UART_Init                            0x08001bf1   Thumb Code    96  stm32f4xx_hal_uart.o(.text.HAL_UART_Init)
    HAL_UART_MspInit                         0x08001c51   Thumb Code   184  usart.o(.text.HAL_UART_MspInit)
    HAL_UART_Receive_DMA                     0x08001d09   Thumb Code   348  stm32f4xx_hal_uart.o(.text.HAL_UART_Receive_DMA)
    HAL_UART_RxCpltCallback                  0x08001e65   Thumb Code     2  stm32f4xx_hal_uart.o(.text.HAL_UART_RxCpltCallback)
    HAL_UART_RxHalfCpltCallback              0x08001e69   Thumb Code     2  stm32f4xx_hal_uart.o(.text.HAL_UART_RxHalfCpltCallback)
    HAL_UART_Transmit                        0x08001e6d   Thumb Code   232  stm32f4xx_hal_uart.o(.text.HAL_UART_Transmit)
    HAL_UART_TxCpltCallback                  0x08001f55   Thumb Code     2  stm32f4xx_hal_uart.o(.text.HAL_UART_TxCpltCallback)
    HardFault_Handler                        0x08001f59   Thumb Code     2  stm32f4xx_it.o(.text.HardFault_Handler)
    MX_DMA_Init                              0x08001f5d   Thumb Code    56  dma.o(.text.MX_DMA_Init)
    MX_FREERTOS_Init                         0x08001f95   Thumb Code   248  freertos.o(.text.MX_FREERTOS_Init)
    MX_GPIO_Init                             0x0800208d   Thumb Code   238  gpio.o(.text.MX_GPIO_Init)
    MX_TIM7_Init                             0x0800217d   Thumb Code    82  tim.o(.text.MX_TIM7_Init)
    MX_USART1_UART_Init                      0x080021d1   Thumb Code    60  usart.o(.text.MX_USART1_UART_Init)
    MemManage_Handler                        0x0800220d   Thumb Code     2  stm32f4xx_it.o(.text.MemManage_Handler)
    NMI_Handler                              0x08002211   Thumb Code     2  stm32f4xx_it.o(.text.NMI_Handler)
    PendSV_Handler                           0x08002221   Thumb Code   100  port.o(.text.PendSV_Handler)
    SVC_Handler                              0x08002291   Thumb Code    36  port.o(.text.SVC_Handler)
    StartDefaultTask                         0x080022b5   Thumb Code     8  freertos.o(.text.StartDefaultTask)
    StartTask02                              0x080022bd   Thumb Code    26  freertos.o(.text.StartTask02)
    StartTask03                              0x080022d9   Thumb Code    20  freertos.o(.text.StartTask03)
    StartTask04                              0x080022fd   Thumb Code     8  freertos.o(.text.StartTask04)
    StartTask05                              0x08002305   Thumb Code     8  freertos.o(.text.StartTask05)
    StartUart1Task                           0x0800230d   Thumb Code   100  freertos.o(.text.StartUart1Task)
    SysTick_Handler                          0x08002371   Thumb Code    30  cmsis_os2.o(.text.SysTick_Handler)
    SystemClock_Config                       0x08002391   Thumb Code   166  main.o(.text.SystemClock_Config)
    SystemInit                               0x08002439   Thumb Code    18  system_stm32f4xx.o(.text.SystemInit)
    TIM4_IRQHandler                          0x0800244d   Thumb Code    12  stm32f4xx_it.o(.text.TIM4_IRQHandler)
    TIM_Base_SetConfig                       0x08002459   Thumb Code   308  stm32f4xx_hal_tim.o(.text.TIM_Base_SetConfig)
    USART1_IRQHandler                        0x08002a65   Thumb Code   106  stm32f4xx_it.o(.text.USART1_IRQHandler)
    UsageFault_Handler                       0x08002ad1   Thumb Code     2  stm32f4xx_it.o(.text.UsageFault_Handler)
    fputc                                    0x08002ad5   Thumb Code    32  usart.o(.text.fputc)
    main                                     0x08002af5   Thumb Code    38  main.o(.text.main)
    osDelay                                  0x08002b1d   Thumb Code    32  cmsis_os2.o(.text.osDelay)
    osKernelInitialize                       0x08002b3d   Thumb Code    40  cmsis_os2.o(.text.osKernelInitialize)
    osKernelStart                            0x08002b65   Thumb Code    62  cmsis_os2.o(.text.osKernelStart)
    osMessageQueueNew                        0x08002ba5   Thumb Code   144  cmsis_os2.o(.text.osMessageQueueNew)
    osSemaphoreNew                           0x08002c35   Thumb Code   170  cmsis_os2.o(.text.osSemaphoreNew)
    osThreadNew                              0x08002ce1   Thumb Code   158  cmsis_os2.o(.text.osThreadNew)
    pvPortMalloc                             0x08003565   Thumb Code   596  heap_4.o(.text.pvPortMalloc)
    pvTaskIncrementMutexHeldCount            0x080037b9   Thumb Code    24  tasks.o(.text.pvTaskIncrementMutexHeldCount)
    pxPortInitialiseStack                    0x080037d1   Thumb Code    40  port.o(.text.pxPortInitialiseStack)
    uxListRemove                             0x080037f9   Thumb Code    36  list.o(.text.uxListRemove)
    vApplicationGetIdleTaskMemory            0x0800381d   Thumb Code    26  cmsis_os2.o(.text.vApplicationGetIdleTaskMemory)
    vApplicationGetTimerTaskMemory           0x08003839   Thumb Code    28  cmsis_os2.o(.text.vApplicationGetTimerTaskMemory)
    vListInitialise                          0x08003855   Thumb Code    22  list.o(.text.vListInitialise)
    vListInitialiseItem                      0x0800386d   Thumb Code     6  list.o(.text.vListInitialiseItem)
    vListInsert                              0x08003875   Thumb Code    96  list.o(.text.vListInsert)
    vListInsertEnd                           0x080038d5   Thumb Code    28  list.o(.text.vListInsertEnd)
    vPortEnterCritical                       0x08003905   Thumb Code    70  port.o(.text.vPortEnterCritical)
    vPortExitCritical                        0x0800394d   Thumb Code    46  port.o(.text.vPortExitCritical)
    vPortFree                                0x0800397d   Thumb Code   228  heap_4.o(.text.vPortFree)
    vPortSetupTimerInterrupt                 0x08003a61   Thumb Code    52  port.o(.text.vPortSetupTimerInterrupt)
    vPortValidateInterruptPriority           0x08003a95   Thumb Code    98  port.o(.text.vPortValidateInterruptPriority)
    vQueueAddToRegistry                      0x08003af9   Thumb Code   116  queue.o(.text.vQueueAddToRegistry)
    vQueueDelete                             0x08003b6d   Thumb Code   166  queue.o(.text.vQueueDelete)
    vQueueWaitForMessageRestricted           0x08003c15   Thumb Code    70  queue.o(.text.vQueueWaitForMessageRestricted)
    vTaskDelay                               0x08003c5d   Thumb Code   166  tasks.o(.text.vTaskDelay)
    vTaskInternalSetTimeOutState             0x08003d05   Thumb Code    26  tasks.o(.text.vTaskInternalSetTimeOutState)
    vTaskMissedYield                         0x08003d21   Thumb Code    14  tasks.o(.text.vTaskMissedYield)
    vTaskPlaceOnEventList                    0x08003d31   Thumb Code    54  tasks.o(.text.vTaskPlaceOnEventList)
    vTaskPlaceOnEventListRestricted          0x08003d69   Thumb Code    62  tasks.o(.text.vTaskPlaceOnEventListRestricted)
    vTaskPriorityDisinheritAfterTimeout      0x08003da9   Thumb Code   166  tasks.o(.text.vTaskPriorityDisinheritAfterTimeout)
    vTaskStartScheduler                      0x08003e51   Thumb Code   256  tasks.o(.text.vTaskStartScheduler)
    vTaskSuspendAll                          0x08003f59   Thumb Code    16  tasks.o(.text.vTaskSuspendAll)
    vTaskSwitchContext                       0x08003f69   Thumb Code   194  tasks.o(.text.vTaskSwitchContext)
    xPortStartScheduler                      0x0800402d   Thumb Code   382  port.o(.text.xPortStartScheduler)
    xPortSysTickHandler                      0x080041ad   Thumb Code    46  port.o(.text.xPortSysTickHandler)
    xQueueCreateCountingSemaphore            0x080041dd   Thumb Code    66  queue.o(.text.xQueueCreateCountingSemaphore)
    xQueueCreateCountingSemaphoreStatic      0x08004221   Thumb Code    78  queue.o(.text.xQueueCreateCountingSemaphoreStatic)
    xQueueGenericCreate                      0x08004271   Thumb Code   134  queue.o(.text.xQueueGenericCreate)
    xQueueGenericCreateStatic                0x080042f9   Thumb Code   218  queue.o(.text.xQueueGenericCreateStatic)
    xQueueGenericSend                        0x080043d5   Thumb Code   522  queue.o(.text.xQueueGenericSend)
    xQueueGiveFromISR                        0x080045e1   Thumb Code   192  queue.o(.text.xQueueGiveFromISR)
    xQueueReceive                            0x080046a1   Thumb Code   386  queue.o(.text.xQueueReceive)
    xQueueSemaphoreTake                      0x08004825   Thumb Code   442  queue.o(.text.xQueueSemaphoreTake)
    xTaskCheckForTimeOut                     0x080049e1   Thumb Code   142  tasks.o(.text.xTaskCheckForTimeOut)
    xTaskCreate                              0x08004a71   Thumb Code    94  tasks.o(.text.xTaskCreate)
    xTaskCreateStatic                        0x08004ad1   Thumb Code   118  tasks.o(.text.xTaskCreateStatic)
    xTaskGetSchedulerState                   0x08004b49   Thumb Code    38  tasks.o(.text.xTaskGetSchedulerState)
    xTaskGetTickCount                        0x08004b71   Thumb Code    12  tasks.o(.text.xTaskGetTickCount)
    xTaskIncrementTick                       0x08004b7d   Thumb Code   366  tasks.o(.text.xTaskIncrementTick)
    xTaskPriorityDisinherit                  0x08004ced   Thumb Code   146  tasks.o(.text.xTaskPriorityDisinherit)
    xTaskPriorityInherit                     0x08004d81   Thumb Code   146  tasks.o(.text.xTaskPriorityInherit)
    xTaskRemoveFromEventList                 0x08004e15   Thumb Code   142  tasks.o(.text.xTaskRemoveFromEventList)
    xTaskResumeAll                           0x08004ea5   Thumb Code   312  tasks.o(.text.xTaskResumeAll)
    xTimerCreateTimerTask                    0x08004fdd   Thumb Code   108  timers.o(.text.xTimerCreateTimerTask)
    __scatterload_copy                       0x08005051   Thumb Code    14  handlers.o(i.__scatterload_copy)
    __scatterload_null                       0x0800505f   Thumb Code     2  handlers.o(i.__scatterload_null)
    __scatterload_zeroinit                   0x08005061   Thumb Code    14  handlers.o(i.__scatterload_zeroinit)
    puts                                     0x08005071   Thumb Code    30  puts.o(i.puts)
    AHBPrescTable                            0x08005094   Data          16  system_stm32f4xx.o(.rodata.AHBPrescTable)
    APBPrescTable                            0x080050a4   Data           8  system_stm32f4xx.o(.rodata.APBPrescTable)
    defaultTask_attributes                   0x080050b4   Data          36  freertos.o(.rodata.defaultTask_attributes)
    myBinarySem01_attributes                 0x080050d8   Data          16  freertos.o(.rodata.myBinarySem01_attributes)
    myQueue01_attributes                     0x080050e8   Data          24  freertos.o(.rodata.myQueue01_attributes)
    myTask02_attributes                      0x08005100   Data          36  freertos.o(.rodata.myTask02_attributes)
    myTask03_attributes                      0x08005124   Data          36  freertos.o(.rodata.myTask03_attributes)
    myTask04_attributes                      0x08005148   Data          36  freertos.o(.rodata.myTask04_attributes)
    myTask05_attributes                      0x0800516c   Data          36  freertos.o(.rodata.myTask05_attributes)
    myUart1Task_attributes                   0x08005190   Data          36  freertos.o(.rodata.myUart1Task_attributes)
    Region$$Table$$Base                      0x08005208   Number         0  anon$$obj.o(Region$$Table)
    Region$$Table$$Limit                     0x08005228   Number         0  anon$$obj.o(Region$$Table)
    __stdout                                 0x20000000   Data           4  stdout.o(.data)
    SystemCoreClock                          0x20000004   Data           4  system_stm32f4xx.o(.data.SystemCoreClock)
    uwTickFreq                               0x20000008   Data           1  stm32f4xx_hal.o(.data.uwTickFreq)
    uwTickPrio                               0x2000000c   Data           4  stm32f4xx_hal.o(.data.uwTickPrio)
    RxBuffer                                 0x2000001c   Data         100  freertos.o(.bss.RxBuffer)
    defaultTaskHandle                        0x20000080   Data           4  freertos.o(.bss.defaultTaskHandle)
    hdma_usart1_rx                           0x20000084   Data          96  usart.o(.bss.hdma_usart1_rx)
    htim4                                    0x200000e4   Data          72  stm32f4xx_hal_timebase_tim.o(.bss.htim4)
    htim7                                    0x2000012c   Data          72  tim.o(.bss.htim7)
    huart1                                   0x20000174   Data          72  usart.o(.bss.huart1)
    myBinarySem01Handle                      0x200001bc   Data           4  freertos.o(.bss.myBinarySem01Handle)
    myQueue01Handle                          0x200001c0   Data           4  freertos.o(.bss.myQueue01Handle)
    myTask02Handle                           0x200001c4   Data           4  freertos.o(.bss.myTask02Handle)
    myTask03Handle                           0x200001c8   Data           4  freertos.o(.bss.myTask03Handle)
    myTask04Handle                           0x200001cc   Data           4  freertos.o(.bss.myTask04Handle)
    myTask05Handle                           0x200001d0   Data           4  freertos.o(.bss.myTask05Handle)
    myUart1TaskHandle                        0x200001d4   Data           4  freertos.o(.bss.myUart1TaskHandle)
    pxCurrentTCB                             0x200002cc   Data           4  tasks.o(.bss.pxCurrentTCB)
    rx_len                                   0x20000744   Data           1  freertos.o(.bss.rx_len)
    uwTick                                   0x2000434c   Data           4  stm32f4xx_hal.o(.bss.uwTick)
    xQueueRegistry                           0x20004aa4   Data          64  queue.o(.bss.xQueueRegistry)
    __initial_sp                             0x20004f28   Data           0  startup_stm32f407xx.o(STACK)



==============================================================================

Memory Map of the image

  Image Entry point : 0x08000189

  Load Region LR_IROM1 (Base: 0x08000000, Size: 0x00005240, Max: 0x00080000, ABSOLUTE)

    Execution Region ER_IROM1 (Exec base: 0x08000000, Load base: 0x08000000, Size: 0x00005228, Max: 0x00080000, ABSOLUTE)

    Exec Addr    Load Addr    Size         Type   Attr      Idx    E Section Name        Object

    0x08000000   0x08000000   0x00000188   Data   RO            3    RESET               startup_stm32f407xx.o
    0x08000188   0x08000188   0x00000000   Code   RO         1617  * .ARM.Collect$$$$00000000  mc_w.l(entry.o)
    0x08000188   0x08000188   0x00000004   Code   RO         1632    .ARM.Collect$$$$00000001  mc_w.l(entry2.o)
    0x0800018c   0x0800018c   0x00000004   Code   RO         1635    .ARM.Collect$$$$00000004  mc_w.l(entry5.o)
    0x08000190   0x08000190   0x00000000   Code   RO         1637    .ARM.Collect$$$$00000008  mc_w.l(entry7b.o)
    0x08000190   0x08000190   0x00000000   Code   RO         1639    .ARM.Collect$$$$0000000A  mc_w.l(entry8b.o)
    0x08000190   0x08000190   0x00000008   Code   RO         1640    .ARM.Collect$$$$0000000B  mc_w.l(entry9a.o)
    0x08000198   0x08000198   0x00000000   Code   RO         1642    .ARM.Collect$$$$0000000D  mc_w.l(entry10a.o)
    0x08000198   0x08000198   0x00000000   Code   RO         1644    .ARM.Collect$$$$0000000F  mc_w.l(entry11a.o)
    0x08000198   0x08000198   0x00000004   Code   RO         1633    .ARM.Collect$$$$00002712  mc_w.l(entry2.o)
    0x0800019c   0x0800019c   0x00000024   Code   RO            4    .text               startup_stm32f407xx.o
    0x080001c0   0x080001c0   0x00000062   Code   RO         1624    .text               mc_w.l(uldiv.o)
    0x08000222   0x08000222   0x00000024   Code   RO         1626    .text               mc_w.l(memcpya.o)
    0x08000246   0x08000246   0x00000024   Code   RO         1628    .text               mc_w.l(memseta.o)
    0x0800026a   0x0800026a   0x0000001e   Code   RO         1647    .text               mc_w.l(llshl.o)
    0x08000288   0x08000288   0x00000020   Code   RO         1649    .text               mc_w.l(llushr.o)
    0x080002a8   0x080002a8   0x00000024   Code   RO         1651    .text               mc_w.l(init.o)
    0x080002cc   0x080002cc   0x00000002   Code   RO          126    .text.BusFault_Handler  stm32f4xx_it.o
    0x080002ce   0x080002ce   0x00000002   PAD
    0x080002d0   0x080002d0   0x0000000c   Code   RO          142    .text.DMA2_Stream2_IRQHandler  stm32f4xx_it.o
    0x080002dc   0x080002dc   0x00000002   Code   RO          130    .text.DebugMon_Handler  stm32f4xx_it.o
    0x080002de   0x080002de   0x00000002   PAD
    0x080002e0   0x080002e0   0x00000006   Code   RO          132    .text.EXTI0_IRQHandler  stm32f4xx_it.o
    0x080002e6   0x080002e6   0x00000002   PAD
    0x080002e8   0x080002e8   0x00000006   Code   RO          134    .text.EXTI2_IRQHandler  stm32f4xx_it.o
    0x080002ee   0x080002ee   0x00000002   PAD
    0x080002f0   0x080002f0   0x00000006   Code   RO          136    .text.EXTI3_IRQHandler  stm32f4xx_it.o
    0x080002f6   0x080002f6   0x00000002   PAD
    0x080002f8   0x080002f8   0x00000006   Code   RO           15    .text.Error_Handler  main.o
    0x080002fe   0x080002fe   0x00000002   PAD
    0x08000300   0x08000300   0x00000082   Code   RO          334    .text.HAL_DMA_Abort  stm32f4xx_hal_dma.o
    0x08000382   0x08000382   0x00000002   PAD
    0x08000384   0x08000384   0x00000024   Code   RO          336    .text.HAL_DMA_Abort_IT  stm32f4xx_hal_dma.o
    0x080003a8   0x080003a8   0x000001ba   Code   RO          340    .text.HAL_DMA_IRQHandler  stm32f4xx_hal_dma.o
    0x08000562   0x08000562   0x00000002   PAD
    0x08000564   0x08000564   0x00000148   Code   RO          326    .text.HAL_DMA_Init  stm32f4xx_hal_dma.o
    0x080006ac   0x080006ac   0x0000009c   Code   RO          332    .text.HAL_DMA_Start_IT  stm32f4xx_hal_dma.o
    0x08000748   0x08000748   0x00000022   Code   RO          144    .text.HAL_GPIO_EXTI_Callback  stm32f4xx_it.o
    0x0800076a   0x0800076a   0x00000002   PAD
    0x0800076c   0x0800076c   0x00000016   Code   RO          300    .text.HAL_GPIO_EXTI_IRQHandler  stm32f4xx_hal_gpio.o
    0x08000782   0x08000782   0x00000002   PAD
    0x08000784   0x08000784   0x000001ba   Code   RO          288    .text.HAL_GPIO_Init  stm32f4xx_hal_gpio.o
    0x0800093e   0x0800093e   0x00000002   PAD
    0x08000940   0x08000940   0x00000010   Code   RO          296    .text.HAL_GPIO_TogglePin  stm32f4xx_hal_gpio.o
    0x08000950   0x08000950   0x0000000a   Code   RO          294    .text.HAL_GPIO_WritePin  stm32f4xx_hal_gpio.o
    0x0800095a   0x0800095a   0x00000002   PAD
    0x0800095c   0x0800095c   0x0000000c   Code   RO          481    .text.HAL_GetTick   stm32f4xx_hal.o
    0x08000968   0x08000968   0x0000001a   Code   RO          479    .text.HAL_IncTick   stm32f4xx_hal.o
    0x08000982   0x08000982   0x00000002   PAD
    0x08000984   0x08000984   0x00000036   Code   RO          469    .text.HAL_Init      stm32f4xx_hal.o
    0x080009ba   0x080009ba   0x00000002   PAD
    0x080009bc   0x080009bc   0x000000b0   Code   RO          163    .text.HAL_InitTick  stm32f4xx_hal_timebase_tim.o
    0x08000a6c   0x08000a6c   0x00000042   Code   RO          154    .text.HAL_MspInit   stm32f4xx_hal_msp.o
    0x08000aae   0x08000aae   0x00000002   PAD
    0x08000ab0   0x08000ab0   0x00000020   Code   RO          425    .text.HAL_NVIC_EnableIRQ  stm32f4xx_hal_cortex.o
    0x08000ad0   0x08000ad0   0x00000056   Code   RO          423    .text.HAL_NVIC_SetPriority  stm32f4xx_hal_cortex.o
    0x08000b26   0x08000b26   0x00000002   PAD
    0x08000b28   0x08000b28   0x00000020   Code   RO          421    .text.HAL_NVIC_SetPriorityGrouping  stm32f4xx_hal_cortex.o
    0x08000b48   0x08000b48   0x00000160   Code   RO          182    .text.HAL_RCC_ClockConfig  stm32f4xx_hal_rcc.o
    0x08000ca8   0x08000ca8   0x0000003e   Code   RO          200    .text.HAL_RCC_GetClockConfig  stm32f4xx_hal_rcc.o
    0x08000ce6   0x08000ce6   0x00000002   PAD
    0x08000ce8   0x08000ce8   0x00000026   Code   RO          194    .text.HAL_RCC_GetPCLK1Freq  stm32f4xx_hal_rcc.o
    0x08000d0e   0x08000d0e   0x00000002   PAD
    0x08000d10   0x08000d10   0x00000026   Code   RO          196    .text.HAL_RCC_GetPCLK2Freq  stm32f4xx_hal_rcc.o
    0x08000d36   0x08000d36   0x00000002   PAD
    0x08000d38   0x08000d38   0x0000006a   Code   RO          184    .text.HAL_RCC_GetSysClockFreq  stm32f4xx_hal_rcc.o
    0x08000da2   0x08000da2   0x00000002   PAD
    0x08000da4   0x08000da4   0x00000364   Code   RO          180    .text.HAL_RCC_OscConfig  stm32f4xx_hal_rcc.o
    0x08001108   0x08001108   0x00000002   Code   RO          865    .text.HAL_TIMEx_BreakCallback  stm32f4xx_hal_tim_ex.o
    0x0800110a   0x0800110a   0x00000002   PAD
    0x0800110c   0x0800110c   0x00000002   Code   RO          861    .text.HAL_TIMEx_CommutCallback  stm32f4xx_hal_tim_ex.o
    0x0800110e   0x0800110e   0x00000002   PAD
    0x08001110   0x08001110   0x000000b2   Code   RO          855    .text.HAL_TIMEx_MasterConfigSynchronization  stm32f4xx_hal_tim_ex.o
    0x080011c2   0x080011c2   0x00000002   PAD
    0x080011c4   0x080011c4   0x0000005a   Code   RO          560    .text.HAL_TIM_Base_Init  stm32f4xx_hal_tim.o
    0x0800121e   0x0800121e   0x00000002   PAD
    0x08001220   0x08001220   0x00000036   Code   RO           89    .text.HAL_TIM_Base_MspInit  tim.o
    0x08001256   0x08001256   0x00000002   PAD
    0x08001258   0x08001258   0x000000a8   Code   RO          574    .text.HAL_TIM_Base_Start_IT  stm32f4xx_hal_tim.o
    0x08001300   0x08001300   0x00000002   Code   RO          696    .text.HAL_TIM_IC_CaptureCallback  stm32f4xx_hal_tim.o
    0x08001302   0x08001302   0x00000002   PAD
    0x08001304   0x08001304   0x00000136   Code   RO          694    .text.HAL_TIM_IRQHandler  stm32f4xx_hal_tim.o
    0x0800143a   0x0800143a   0x00000002   PAD
    0x0800143c   0x0800143c   0x00000002   Code   RO          698    .text.HAL_TIM_OC_DelayElapsedCallback  stm32f4xx_hal_tim.o
    0x0800143e   0x0800143e   0x00000002   PAD
    0x08001440   0x08001440   0x00000002   Code   RO          700    .text.HAL_TIM_PWM_PulseFinishedCallback  stm32f4xx_hal_tim.o
    0x08001442   0x08001442   0x00000002   PAD
    0x08001444   0x08001444   0x00000014   Code   RO           17    .text.HAL_TIM_PeriodElapsedCallback  main.o
    0x08001458   0x08001458   0x00000002   Code   RO          704    .text.HAL_TIM_TriggerCallback  stm32f4xx_hal_tim.o
    0x0800145a   0x0800145a   0x00000002   PAD
    0x0800145c   0x0800145c   0x00000002   Code   RO          965    .text.HAL_UARTEx_RxEventCallback  stm32f4xx_hal_uart.o
    0x0800145e   0x0800145e   0x00000002   PAD
    0x08001460   0x08001460   0x0000021c   Code   RO          921    .text.HAL_UART_DMAStop  stm32f4xx_hal_uart.o
    0x0800167c   0x0800167c   0x00000002   Code   RO          963    .text.HAL_UART_ErrorCallback  stm32f4xx_hal_uart.o
    0x0800167e   0x0800167e   0x00000002   PAD
    0x08001680   0x08001680   0x0000056e   Code   RO          957    .text.HAL_UART_IRQHandler  stm32f4xx_hal_uart.o
    0x08001bee   0x08001bee   0x00000002   PAD
    0x08001bf0   0x08001bf0   0x00000060   Code   RO          879    .text.HAL_UART_Init  stm32f4xx_hal_uart.o
    0x08001c50   0x08001c50   0x000000b8   Code   RO          104    .text.HAL_UART_MspInit  usart.o
    0x08001d08   0x08001d08   0x0000015c   Code   RO          913    .text.HAL_UART_Receive_DMA  stm32f4xx_hal_uart.o
    0x08001e64   0x08001e64   0x00000002   Code   RO          971    .text.HAL_UART_RxCpltCallback  stm32f4xx_hal_uart.o
    0x08001e66   0x08001e66   0x00000002   PAD
    0x08001e68   0x08001e68   0x00000002   Code   RO          973    .text.HAL_UART_RxHalfCpltCallback  stm32f4xx_hal_uart.o
    0x08001e6a   0x08001e6a   0x00000002   PAD
    0x08001e6c   0x08001e6c   0x000000e8   Code   RO          895    .text.HAL_UART_Transmit  stm32f4xx_hal_uart.o
    0x08001f54   0x08001f54   0x00000002   Code   RO          967    .text.HAL_UART_TxCpltCallback  stm32f4xx_hal_uart.o
    0x08001f56   0x08001f56   0x00000002   PAD
    0x08001f58   0x08001f58   0x00000002   Code   RO          122    .text.HardFault_Handler  stm32f4xx_it.o
    0x08001f5a   0x08001f5a   0x00000002   PAD
    0x08001f5c   0x08001f5c   0x00000038   Code   RO           78    .text.MX_DMA_Init   dma.o
    0x08001f94   0x08001f94   0x000000f8   Code   RO           37    .text.MX_FREERTOS_Init  freertos.o
    0x0800208c   0x0800208c   0x000000ee   Code   RO           28    .text.MX_GPIO_Init  gpio.o
    0x0800217a   0x0800217a   0x00000002   PAD
    0x0800217c   0x0800217c   0x00000052   Code   RO           87    .text.MX_TIM7_Init  tim.o
    0x080021ce   0x080021ce   0x00000002   PAD
    0x080021d0   0x080021d0   0x0000003c   Code   RO          102    .text.MX_USART1_UART_Init  usart.o
    0x0800220c   0x0800220c   0x00000002   Code   RO          124    .text.MemManage_Handler  stm32f4xx_it.o
    0x0800220e   0x0800220e   0x00000002   PAD
    0x08002210   0x08002210   0x00000002   Code   RO          120    .text.NMI_Handler   stm32f4xx_it.o
    0x08002212   0x08002212   0x0000000e   PAD
    0x08002220   0x08002220   0x00000064   Code   RO         1601    .text.PendSV_Handler  port.o
    0x08002284   0x08002284   0x0000000c   PAD
    0x08002290   0x08002290   0x00000024   Code   RO         1585    .text.SVC_Handler   port.o
    0x080022b4   0x080022b4   0x00000008   Code   RO           39    .text.StartDefaultTask  freertos.o
    0x080022bc   0x080022bc   0x0000001a   Code   RO           41    .text.StartTask02   freertos.o
    0x080022d6   0x080022d6   0x00000002   PAD
    0x080022d8   0x080022d8   0x00000024   Code   RO           43    .text.StartTask03   freertos.o
    0x080022fc   0x080022fc   0x00000008   Code   RO           45    .text.StartTask04   freertos.o
    0x08002304   0x08002304   0x00000008   Code   RO           47    .text.StartTask05   freertos.o
    0x0800230c   0x0800230c   0x00000064   Code   RO           49    .text.StartUart1Task  freertos.o
    0x08002370   0x08002370   0x0000001e   Code   RO         1390    .text.SysTick_Handler  cmsis_os2.o
    0x0800238e   0x0800238e   0x00000002   PAD
    0x08002390   0x08002390   0x000000a6   Code   RO           13    .text.SystemClock_Config  main.o
    0x08002436   0x08002436   0x00000002   PAD
    0x08002438   0x08002438   0x00000012   Code   RO         1001    .text.SystemInit    system_stm32f4xx.o
    0x0800244a   0x0800244a   0x00000002   PAD
    0x0800244c   0x0800244c   0x0000000c   Code   RO          138    .text.TIM4_IRQHandler  stm32f4xx_it.o
    0x08002458   0x08002458   0x00000134   Code   RO          564    .text.TIM_Base_SetConfig  stm32f4xx_hal_tim.o
    0x0800258c   0x0800258c   0x0000000c   Code   RO          961    .text.UART_DMAAbortOnError  stm32f4xx_hal_uart.o
    0x08002598   0x08002598   0x0000017c   Code   RO          911    .text.UART_DMAError  stm32f4xx_hal_uart.o
    0x08002714   0x08002714   0x0000015e   Code   RO          989    .text.UART_DMAReceiveCplt  stm32f4xx_hal_uart.o
    0x08002872   0x08002872   0x00000002   PAD
    0x08002874   0x08002874   0x00000018   Code   RO          991    .text.UART_DMARxHalfCplt  stm32f4xx_hal_uart.o
    0x0800288c   0x0800288c   0x000000fc   Code   RO          959    .text.UART_Receive_IT  stm32f4xx_hal_uart.o
    0x08002988   0x08002988   0x000000dc   Code   RO          883    .text.UART_SetConfig  stm32f4xx_hal_uart.o
    0x08002a64   0x08002a64   0x0000006a   Code   RO          140    .text.USART1_IRQHandler  stm32f4xx_it.o
    0x08002ace   0x08002ace   0x00000002   PAD
    0x08002ad0   0x08002ad0   0x00000002   Code   RO          128    .text.UsageFault_Handler  stm32f4xx_it.o
    0x08002ad2   0x08002ad2   0x00000002   PAD
    0x08002ad4   0x08002ad4   0x00000020   Code   RO          108    .text.fputc         usart.o
    0x08002af4   0x08002af4   0x00000026   Code   RO           11    .text.main          main.o
    0x08002b1a   0x08002b1a   0x00000002   PAD
    0x08002b1c   0x08002b1c   0x00000020   Code   RO         1450    .text.osDelay       cmsis_os2.o
    0x08002b3c   0x08002b3c   0x00000028   Code   RO         1392    .text.osKernelInitialize  cmsis_os2.o
    0x08002b64   0x08002b64   0x0000003e   Code   RO         1398    .text.osKernelStart  cmsis_os2.o
    0x08002ba2   0x08002ba2   0x00000002   PAD
    0x08002ba4   0x08002ba4   0x00000090   Code   RO         1500    .text.osMessageQueueNew  cmsis_os2.o
    0x08002c34   0x08002c34   0x000000aa   Code   RO         1490    .text.osSemaphoreNew  cmsis_os2.o
    0x08002cde   0x08002cde   0x00000002   PAD
    0x08002ce0   0x08002ce0   0x0000009e   Code   RO         1414    .text.osThreadNew   cmsis_os2.o
    0x08002d7e   0x08002d7e   0x00000002   PAD
    0x08002d80   0x08002d80   0x00000084   Code   RO         1208    .text.prvAddCurrentTaskToDelayedList  tasks.o
    0x08002e04   0x08002e04   0x0000011c   Code   RO         1198    .text.prvAddNewTaskToReadyList  tasks.o
    0x08002f20   0x08002f20   0x0000007c   Code   RO         1335    .text.prvCheckForValidListAndQueue  timers.o
    0x08002f9c   0x08002f9c   0x00000096   Code   RO         1232    .text.prvIdleTask   tasks.o
    0x08003032   0x08003032   0x00000002   PAD
    0x08003034   0x08003034   0x00000124   Code   RO         1196    .text.prvInitialiseNewTask  tasks.o
    0x08003158   0x08003158   0x00000028   Code   RO         1593    .text.prvPortStartFirstTask  port.o
    0x08003180   0x08003180   0x000000ca   Code   RO         1371    .text.prvSampleTimeNow  timers.o
    0x0800324a   0x0800324a   0x00000002   PAD
    0x0800324c   0x0800324c   0x0000003e   Code   RO         1583    .text.prvTaskExitError  port.o
    0x0800328a   0x0800328a   0x00000002   PAD
    0x0800328c   0x0800328c   0x00000262   Code   RO         1337    .text.prvTimerTask  timers.o
    0x080034ee   0x080034ee   0x00000002   PAD
    0x080034f0   0x080034f0   0x00000074   Code   RO         1097    .text.prvUnlockQueue  queue.o
    0x08003564   0x08003564   0x00000254   Code   RO         1553    .text.pvPortMalloc  heap_4.o
    0x080037b8   0x080037b8   0x00000018   Code   RO         1288    .text.pvTaskIncrementMutexHeldCount  tasks.o
    0x080037d0   0x080037d0   0x00000028   Code   RO         1581    .text.pxPortInitialiseStack  port.o
    0x080037f8   0x080037f8   0x00000024   Code   RO         1061    .text.uxListRemove  list.o
    0x0800381c   0x0800381c   0x0000001a   Code   RO         1536    .text.vApplicationGetIdleTaskMemory  cmsis_os2.o
    0x08003836   0x08003836   0x00000002   PAD
    0x08003838   0x08003838   0x0000001c   Code   RO         1538    .text.vApplicationGetTimerTaskMemory  cmsis_os2.o
    0x08003854   0x08003854   0x00000016   Code   RO         1053    .text.vListInitialise  list.o
    0x0800386a   0x0800386a   0x00000002   PAD
    0x0800386c   0x0800386c   0x00000006   Code   RO         1055    .text.vListInitialiseItem  list.o
    0x08003872   0x08003872   0x00000002   PAD
    0x08003874   0x08003874   0x00000060   Code   RO         1059    .text.vListInsert   list.o
    0x080038d4   0x080038d4   0x0000001c   Code   RO         1057    .text.vListInsertEnd  list.o
    0x080038f0   0x080038f0   0x00000014   Code   RO         1591    .text.vPortEnableVFP  port.o
    0x08003904   0x08003904   0x00000046   Code   RO         1597    .text.vPortEnterCritical  port.o
    0x0800394a   0x0800394a   0x00000002   PAD
    0x0800394c   0x0800394c   0x0000002e   Code   RO         1599    .text.vPortExitCritical  port.o
    0x0800397a   0x0800397a   0x00000002   PAD
    0x0800397c   0x0800397c   0x000000e4   Code   RO         1555    .text.vPortFree     heap_4.o
    0x08003a60   0x08003a60   0x00000034   Code   RO         1589    .text.vPortSetupTimerInterrupt  port.o
    0x08003a94   0x08003a94   0x00000062   Code   RO         1605    .text.vPortValidateInterruptPriority  port.o
    0x08003af6   0x08003af6   0x00000002   PAD
    0x08003af8   0x08003af8   0x00000074   Code   RO         1131    .text.vQueueAddToRegistry  queue.o
    0x08003b6c   0x08003b6c   0x000000a6   Code   RO         1117    .text.vQueueDelete  queue.o
    0x08003c12   0x08003c12   0x00000002   PAD
    0x08003c14   0x08003c14   0x00000046   Code   RO         1135    .text.vQueueWaitForMessageRestricted  queue.o
    0x08003c5a   0x08003c5a   0x00000002   PAD
    0x08003c5c   0x08003c5c   0x000000a6   Code   RO         1212    .text.vTaskDelay    tasks.o
    0x08003d02   0x08003d02   0x00000002   PAD
    0x08003d04   0x08003d04   0x0000001a   Code   RO         1262    .text.vTaskInternalSetTimeOutState  tasks.o
    0x08003d1e   0x08003d1e   0x00000002   PAD
    0x08003d20   0x08003d20   0x0000000e   Code   RO         1266    .text.vTaskMissedYield  tasks.o
    0x08003d2e   0x08003d2e   0x00000002   PAD
    0x08003d30   0x08003d30   0x00000036   Code   RO         1250    .text.vTaskPlaceOnEventList  tasks.o
    0x08003d66   0x08003d66   0x00000002   PAD
    0x08003d68   0x08003d68   0x0000003e   Code   RO         1254    .text.vTaskPlaceOnEventListRestricted  tasks.o
    0x08003da6   0x08003da6   0x00000002   PAD
    0x08003da8   0x08003da8   0x000000a6   Code   RO         1284    .text.vTaskPriorityDisinheritAfterTimeout  tasks.o
    0x08003e4e   0x08003e4e   0x00000002   PAD
    0x08003e50   0x08003e50   0x00000108   Code   RO         1230    .text.vTaskStartScheduler  tasks.o
    0x08003f58   0x08003f58   0x00000010   Code   RO         1206    .text.vTaskSuspendAll  tasks.o
    0x08003f68   0x08003f68   0x000000c2   Code   RO         1224    .text.vTaskSwitchContext  tasks.o
    0x0800402a   0x0800402a   0x00000002   PAD
    0x0800402c   0x0800402c   0x0000017e   Code   RO         1587    .text.xPortStartScheduler  port.o
    0x080041aa   0x080041aa   0x00000002   PAD
    0x080041ac   0x080041ac   0x0000002e   Code   RO         1603    .text.xPortSysTickHandler  port.o
    0x080041da   0x080041da   0x00000002   PAD
    0x080041dc   0x080041dc   0x00000042   Code   RO         1095    .text.xQueueCreateCountingSemaphore  queue.o
    0x0800421e   0x0800421e   0x00000002   PAD
    0x08004220   0x08004220   0x0000004e   Code   RO         1093    .text.xQueueCreateCountingSemaphoreStatic  queue.o
    0x0800426e   0x0800426e   0x00000002   PAD
    0x08004270   0x08004270   0x00000086   Code   RO         1075    .text.xQueueGenericCreate  queue.o
    0x080042f6   0x080042f6   0x00000002   PAD
    0x080042f8   0x080042f8   0x000000da   Code   RO         1073    .text.xQueueGenericCreateStatic  queue.o
    0x080043d2   0x080043d2   0x00000002   PAD
    0x080043d4   0x080043d4   0x0000020a   Code   RO         1087    .text.xQueueGenericSend  queue.o
    0x080045de   0x080045de   0x00000002   PAD
    0x080045e0   0x080045e0   0x000000c0   Code   RO         1101    .text.xQueueGiveFromISR  queue.o
    0x080046a0   0x080046a0   0x00000182   Code   RO         1103    .text.xQueueReceive  queue.o
    0x08004822   0x08004822   0x00000002   PAD
    0x08004824   0x08004824   0x000001ba   Code   RO         1091    .text.xQueueSemaphoreTake  queue.o
    0x080049de   0x080049de   0x00000002   PAD
    0x080049e0   0x080049e0   0x0000008e   Code   RO         1264    .text.xTaskCheckForTimeOut  tasks.o
    0x08004a6e   0x08004a6e   0x00000002   PAD
    0x08004a70   0x08004a70   0x0000005e   Code   RO         1200    .text.xTaskCreate   tasks.o
    0x08004ace   0x08004ace   0x00000002   PAD
    0x08004ad0   0x08004ad0   0x00000076   Code   RO         1194    .text.xTaskCreateStatic  tasks.o
    0x08004b46   0x08004b46   0x00000002   PAD
    0x08004b48   0x08004b48   0x00000026   Code   RO         1278    .text.xTaskGetSchedulerState  tasks.o
    0x08004b6e   0x08004b6e   0x00000002   PAD
    0x08004b70   0x08004b70   0x0000000c   Code   RO         1238    .text.xTaskGetTickCount  tasks.o
    0x08004b7c   0x08004b7c   0x0000016e   Code   RO         1236    .text.xTaskIncrementTick  tasks.o
    0x08004cea   0x08004cea   0x00000002   PAD
    0x08004cec   0x08004cec   0x00000092   Code   RO         1282    .text.xTaskPriorityDisinherit  tasks.o
    0x08004d7e   0x08004d7e   0x00000002   PAD
    0x08004d80   0x08004d80   0x00000092   Code   RO         1280    .text.xTaskPriorityInherit  tasks.o
    0x08004e12   0x08004e12   0x00000002   PAD
    0x08004e14   0x08004e14   0x0000008e   Code   RO         1256    .text.xTaskRemoveFromEventList  tasks.o
    0x08004ea2   0x08004ea2   0x00000002   PAD
    0x08004ea4   0x08004ea4   0x00000138   Code   RO         1210    .text.xTaskResumeAll  tasks.o
    0x08004fdc   0x08004fdc   0x00000074   Code   RO         1333    .text.xTimerCreateTimerTask  timers.o
    0x08005050   0x08005050   0x0000000e   Code   RO         1655    i.__scatterload_copy  mc_w.l(handlers.o)
    0x0800505e   0x0800505e   0x00000002   Code   RO         1656    i.__scatterload_null  mc_w.l(handlers.o)
    0x08005060   0x08005060   0x0000000e   Code   RO         1657    i.__scatterload_zeroinit  mc_w.l(handlers.o)
    0x0800506e   0x0800506e   0x00000002   PAD
    0x08005070   0x08005070   0x00000024   Code   RO         1620    i.puts              mc_w.l(puts.o)
    0x08005094   0x08005094   0x00000010   Data   RO         1006    .rodata.AHBPrescTable  system_stm32f4xx.o
    0x080050a4   0x080050a4   0x00000008   Data   RO         1007    .rodata.APBPrescTable  system_stm32f4xx.o
    0x080050ac   0x080050ac   0x00000008   Data   RO          350    .rodata.cst8        stm32f4xx_hal_dma.o
    0x080050b4   0x080050b4   0x00000024   Data   RO           53    .rodata.defaultTask_attributes  freertos.o
    0x080050d8   0x080050d8   0x00000010   Data   RO           60    .rodata.myBinarySem01_attributes  freertos.o
    0x080050e8   0x080050e8   0x00000018   Data   RO           59    .rodata.myQueue01_attributes  freertos.o
    0x08005100   0x08005100   0x00000024   Data   RO           54    .rodata.myTask02_attributes  freertos.o
    0x08005124   0x08005124   0x00000024   Data   RO           55    .rodata.myTask03_attributes  freertos.o
    0x08005148   0x08005148   0x00000024   Data   RO           56    .rodata.myTask04_attributes  freertos.o
    0x0800516c   0x0800516c   0x00000024   Data   RO           57    .rodata.myTask05_attributes  freertos.o
    0x08005190   0x08005190   0x00000024   Data   RO           58    .rodata.myUart1Task_attributes  freertos.o
    0x080051b4   0x080051b4   0x00000054   Data   RO           52    .rodata.str1.1      freertos.o
    0x08005208   0x08005208   0x00000020   Data   RO         1654    Region$$Table       anon$$obj.o


    Execution Region RW_IRAM1 (Exec base: 0x20000000, Load base: 0x08005228, Size: 0x00004f28, Max: 0x0001c000, ABSOLUTE)

    Exec Addr    Load Addr    Size         Type   Attr      Idx    E Section Name        Object

    0x20000000   0x08005228   0x00000004   Data   RW         1646    .data               mc_w.l(stdout.o)
    0x20000004   0x0800522c   0x00000004   Data   RW         1005    .data.SystemCoreClock  system_stm32f4xx.o
    0x20000008   0x08005230   0x00000001   Data   RW          524    .data.uwTickFreq    stm32f4xx_hal.o
    0x20000009   0x08005231   0x00000003   PAD
    0x2000000c   0x08005234   0x00000004   Data   RW          523    .data.uwTickPrio    stm32f4xx_hal.o
    0x20000010   0x08005238   0x00000004   Data   RW         1609    .data.uxCriticalNesting  port.o
    0x20000014   0x0800523c   0x00000004   PAD
    0x20000018        -       0x00000004   Zero   RW         1540    .bss.KernelState    cmsis_os2.o
    0x2000001c        -       0x00000064   Zero   RW           69    .bss.RxBuffer       freertos.o
    0x20000080        -       0x00000004   Zero   RW           63    .bss.defaultTaskHandle  freertos.o
    0x20000084        -       0x00000060   Zero   RW          111    .bss.hdma_usart1_rx  usart.o
    0x200000e4        -       0x00000048   Zero   RW          169    .bss.htim4          stm32f4xx_hal_timebase_tim.o
    0x2000012c        -       0x00000048   Zero   RW           93    .bss.htim7          tim.o
    0x20000174        -       0x00000048   Zero   RW          110    .bss.huart1         usart.o
    0x200001bc        -       0x00000004   Zero   RW           61    .bss.myBinarySem01Handle  freertos.o
    0x200001c0        -       0x00000004   Zero   RW           62    .bss.myQueue01Handle  freertos.o
    0x200001c4        -       0x00000004   Zero   RW           64    .bss.myTask02Handle  freertos.o
    0x200001c8        -       0x00000004   Zero   RW           65    .bss.myTask03Handle  freertos.o
    0x200001cc        -       0x00000004   Zero   RW           66    .bss.myTask04Handle  freertos.o
    0x200001d0        -       0x00000004   Zero   RW           67    .bss.myTask05Handle  freertos.o
    0x200001d4        -       0x00000004   Zero   RW           68    .bss.myUart1TaskHandle  freertos.o
    0x200001d8        -       0x000000a0   Zero   RW         1381    .bss.prvCheckForValidListAndQueue.ucStaticTimerQueueStorage  timers.o
    0x20000278        -       0x00000050   Zero   RW         1380    .bss.prvCheckForValidListAndQueue.xStaticTimerQueue  timers.o
    0x200002c8        -       0x00000004   Zero   RW         1377    .bss.prvSampleTimeNow.xLastTime  timers.o
    0x200002cc        -       0x00000004   Zero   RW         1304    .bss.pxCurrentTCB   tasks.o
    0x200002d0        -       0x00000004   Zero   RW         1375    .bss.pxCurrentTimerList  timers.o
    0x200002d4        -       0x00000004   Zero   RW         1312    .bss.pxDelayedTaskList  tasks.o
    0x200002d8        -       0x00000004   Zero   RW         1565    .bss.pxEnd          heap_4.o
    0x200002dc        -       0x00000004   Zero   RW         1313    .bss.pxOverflowDelayedTaskList  tasks.o
    0x200002e0        -       0x00000004   Zero   RW         1376    .bss.pxOverflowTimerList  timers.o
    0x200002e4        -       0x00000460   Zero   RW         1315    .bss.pxReadyTasksLists  tasks.o
    0x20000744        -       0x00000001   Zero   RW           51    .bss.rx_len         freertos.o
    0x20000745        -       0x00003c00   Zero   RW         1572    .bss.ucHeap         heap_4.o
    0x20004345        -       0x00000001   Zero   RW         1607    .bss.ucMaxSysCallPriority  port.o
    0x20004346   0x0800523c   0x00000002   PAD
    0x20004348        -       0x00000004   Zero   RW         1608    .bss.ulMaxPRIGROUPValue  port.o
    0x2000434c        -       0x00000004   Zero   RW          525    .bss.uwTick         stm32f4xx_hal.o
    0x20004350        -       0x00000004   Zero   RW         1308    .bss.uxCurrentNumberOfTasks  tasks.o
    0x20004354        -       0x00000004   Zero   RW         1307    .bss.uxDeletedTasksWaitingCleanUp  tasks.o
    0x20004358        -       0x00000004   Zero   RW         1310    .bss.uxSchedulerSuspended  tasks.o
    0x2000435c        -       0x00000004   Zero   RW         1305    .bss.uxTaskNumber   tasks.o
    0x20004360        -       0x00000004   Zero   RW         1316    .bss.uxTopReadyPriority  tasks.o
    0x20004364        -       0x00000200   Zero   RW         1542    .bss.vApplicationGetIdleTaskMemory.Idle_Stack  cmsis_os2.o
    0x20004564        -       0x0000005c   Zero   RW         1541    .bss.vApplicationGetIdleTaskMemory.Idle_TCB  cmsis_os2.o
    0x200045c0        -       0x00000400   Zero   RW         1544    .bss.vApplicationGetTimerTaskMemory.Timer_Stack  cmsis_os2.o
    0x200049c0        -       0x0000005c   Zero   RW         1543    .bss.vApplicationGetTimerTaskMemory.Timer_TCB  cmsis_os2.o
    0x20004a1c        -       0x00000014   Zero   RW         1378    .bss.xActiveTimerList1  timers.o
    0x20004a30        -       0x00000014   Zero   RW         1379    .bss.xActiveTimerList2  timers.o
    0x20004a44        -       0x00000001   Zero   RW         1566    .bss.xBlockAllocatedBit  heap_4.o
    0x20004a45   0x0800523c   0x00000003   PAD
    0x20004a48        -       0x00000014   Zero   RW         1323    .bss.xDelayedTaskList1  tasks.o
    0x20004a5c        -       0x00000014   Zero   RW         1324    .bss.xDelayedTaskList2  tasks.o
    0x20004a70        -       0x00000004   Zero   RW         1567    .bss.xFreeBytesRemaining  heap_4.o
    0x20004a74        -       0x00000004   Zero   RW         1318    .bss.xIdleTaskHandle  tasks.o
    0x20004a78        -       0x00000004   Zero   RW         1569    .bss.xMinimumEverFreeBytesRemaining  heap_4.o
    0x20004a7c        -       0x00000004   Zero   RW         1319    .bss.xNextTaskUnblockTime  tasks.o
    0x20004a80        -       0x00000004   Zero   RW         1322    .bss.xNumOfOverflows  tasks.o
    0x20004a84        -       0x00000004   Zero   RW         1570    .bss.xNumberOfSuccessfulAllocations  heap_4.o
    0x20004a88        -       0x00000004   Zero   RW         1571    .bss.xNumberOfSuccessfulFrees  heap_4.o
    0x20004a8c        -       0x00000004   Zero   RW         1321    .bss.xPendedTicks   tasks.o
    0x20004a90        -       0x00000014   Zero   RW         1317    .bss.xPendingReadyList  tasks.o
    0x20004aa4        -       0x00000040   Zero   RW         1137    .bss.xQueueRegistry  queue.o
    0x20004ae4        -       0x00000004   Zero   RW         1309    .bss.xSchedulerRunning  tasks.o
    0x20004ae8        -       0x00000008   Zero   RW         1568    .bss.xStart         heap_4.o
    0x20004af0        -       0x00000014   Zero   RW         1314    .bss.xSuspendedTaskList  tasks.o
    0x20004b04        -       0x00000014   Zero   RW         1306    .bss.xTasksWaitingTermination  tasks.o
    0x20004b18        -       0x00000004   Zero   RW         1311    .bss.xTickCount     tasks.o
    0x20004b1c        -       0x00000004   Zero   RW         1373    .bss.xTimerQueue    timers.o
    0x20004b20        -       0x00000004   Zero   RW         1374    .bss.xTimerTaskHandle  timers.o
    0x20004b24        -       0x00000004   Zero   RW         1320    .bss.xYieldPending  tasks.o
    0x20004b28        -       0x00000400   Zero   RW            1    STACK               startup_stm32f407xx.o


    Execution Region RW_IRAM2 (Exec base: 0x2001c000, Load base: 0x08005240, Size: 0x00000000, Max: 0x00004000, ABSOLUTE)

    **** No section assigned to this execution region ****


==============================================================================

Image component sizes


      Code (inc. data)   RO Data    RW Data    ZI Data      Debug   Object Name

       690          0          0          0       1724      41960   cmsis_os2.o
        56          0          0          0          0       3280   dma.o
       434         16        340          0        133       4683   freertos.o
       238          0          0          0          0       4013   gpio.o
       824          0          0          0      15389       5393   heap_4.o
       188          0          0          0          0       2339   list.o
       230          0          0          0          0       5824   main.o
       992         16          0          4          5       4003   port.o
      2506          0          0          0         64      26342   queue.o
        36          8        392          0       1024        824   startup_stm32f407xx.o
        92          0          0          5          4       7307   stm32f4xx_hal.o
       150          0          0          0          0      10618   stm32f4xx_hal_cortex.o
      1092          4          8          0          0       9701   stm32f4xx_hal_dma.o
       490          0          0          0          0       5215   stm32f4xx_hal_gpio.o
        66          0          0          0          0       3335   stm32f4xx_hal_msp.o
      1464          0          0          0          0       7390   stm32f4xx_hal_rcc.o
       884          0          0          0          0      53747   stm32f4xx_hal_tim.o
       182          0          0          0          0      21135   stm32f4xx_hal_tim_ex.o
       176          0          0          0         72       7234   stm32f4xx_hal_timebase_tim.o
      3854          0          0          0          0      30873   stm32f4xx_hal_uart.o
       194          0          0          0          0       2625   stm32f4xx_it.o
        18          0         24          4          0       2601   system_stm32f4xx.o
      3360          8          0          0       1280      37598   tasks.o
       136          0          0          0         72       4953   tim.o
      1052         26          0          0        300      15872   timers.o
       276          0          0          0        168       7162   usart.o

    ----------------------------------------------------------------------
     19880         90        796         16      20244     326027   Object Totals
         0          0         32          0          0          0   (incl. Generated)
       200         12          0          3          9          0   (incl. Padding)

    ----------------------------------------------------------------------

      Code (inc. data)   RO Data    RW Data    ZI Data      Debug   Library Member Name

         0          0          0          0          0          0   entry.o
         0          0          0          0          0          0   entry10a.o
         0          0          0          0          0          0   entry11a.o
         8          4          0          0          0          0   entry2.o
         4          0          0          0          0          0   entry5.o
         0          0          0          0          0          0   entry7b.o
         0          0          0          0          0          0   entry8b.o
         8          4          0          0          0          0   entry9a.o
        30          0          0          0          0          0   handlers.o
        36          8          0          0          0         68   init.o
        30          0          0          0          0         68   llshl.o
        32          0          0          0          0         68   llushr.o
        36          0          0          0          0         68   memcpya.o
        36          0          0          0          0        108   memseta.o
        36          6          0          0          0         80   puts.o
         0          0          0          4          0          0   stdout.o
        98          0          0          0          0         92   uldiv.o

    ----------------------------------------------------------------------
       356         22          0          4          0        552   Library Totals
         2          0          0          0          0          0   (incl. Padding)

    ----------------------------------------------------------------------

      Code (inc. data)   RO Data    RW Data    ZI Data      Debug   Library Name

       354         22          0          4          0        552   mc_w.l

    ----------------------------------------------------------------------
       356         22          0          4          0        552   Library Totals

    ----------------------------------------------------------------------

==============================================================================


      Code (inc. data)   RO Data    RW Data    ZI Data      Debug   

     20236        112        796         20      20244     326191   Grand Totals
     20236        112        796         20      20244     326191   ELF Image Totals
     20236        112        796         20          0          0   ROM Totals

==============================================================================

    Total RO  Size (Code + RO Data)                21032 (  20.54kB)
    Total RW  Size (RW Data + ZI Data)             20264 (  19.79kB)
    Total ROM Size (Code + RO Data + RW Data)      21052 (  20.56kB)

==============================================================================

